{
  "bukan_bukti": false,
  "h_a013": {
    "ambang_menang": 4,
    "baris": [
      {
        "bulan_peralihan": "2025-04",
        "bulan_saudara": [
          "2025-04"
        ],
        "bulan_simbol_dasar": [
          "2020-11",
          "2020-12",
          "2021-01",
          "2021-02",
          "2021-03",
          "2021-04",
          "2021-05",
          "2021-06",
          "2021-07",
          "2021-08",
          "2021-09",
          "2021-10",
          "2021-11",
          "2021-12",
          "2022-01",
          "2022-02",
          "2022-03",
          "2022-04",
          "2022-05",
          "2022-06",
          "2022-07",
          "2022-08",
          "2022-09",
          "2022-10",
          "2022-11",
          "2022-12",
          "2023-01",
          "2023-02",
          "2023-03",
          "2023-04",
          "2023-05",
          "2023-06",
          "2023-07",
          "2023-08",
          "2023-09",
          "2023-10",
          "2023-11",
          "2023-12",
          "2024-01",
          "2024-02",
          "2024-03",
          "2024-04",
          "2024-05",
          "2024-06",
          "2024-07",
          "2024-08",
          "2024-09",
          "2024-10",
          "2024-11",
          "2024-12",
          "2025-01",
          "2025-02",
          "2025-03",
          "2025-04",
          "2025-05",
          "2025-06",
          "2025-07",
          "2025-08",
          "2025-09",
          "2025-10",
          "2025-11",
          "2025-12",
          "2026-01",
          "2026-02",
          "2026-03",
          "2026-04",
          "2026-05",
          "2026-06"
        ],
        "cacah_bulan_saudara": 1,
        "cocok_bulan": true,
        "saudara_diperiksa": [
          "CTKUSDTSETTLED",
          "CTKUSDT_SETTLED"
        ],
        "saudara_ditemukan": [
          "CTKUSDTSETTLED"
        ],
        "sebab": "saudara_settled_memuat_bulan",
        "simbol": "CTKUSDT"
      },
      {
        "bulan_peralihan": "2025-05",
        "bulan_saudara": [
          "2025-05"
        ],
        "bulan_simbol_dasar": [
          "2020-11",
          "2020-12",
          "2021-01",
          "2021-02",
          "2021-03",
          "2021-04",
          "2021-05",
          "2021-06",
          "2021-07",
          "2021-08",
          "2021-09",
          "2021-10",
          "2021-11",
          "2021-12",
          "2022-01",
          "2022-02",
          "2022-03",
          "2022-04",
          "2022-05",
          "2022-06",
          "2022-07",
          "2022-08",
          "2022-09",
          "2022-10",
          "2022-11",
          "2022-12",
          "2023-01",
          "2023-02",
          "2023-03",
          "2023-04",
          "2023-05",
          "2023-06",
          "2023-07",
          "2023-08",
          "2023-09",
          "2023-10",
          "2023-11",
          "2023-12",
          "2024-01",
          "2024-02",
          "2024-03",
          "2024-04",
          "2024-05",
          "2024-06",
          "2024-07",
          "2024-08",
          "2024-09",
          "2024-10",
          "2024-11",
          "2024-12",
          "2025-01",
          "2025-02",
          "2025-03",
          "2025-04",
          "2025-05",
          "2025-06",
          "2025-07",
          "2025-08",
          "2025-09",
          "2025-10",
          "2025-11",
          "2025-12",
          "2026-01",
          "2026-02",
          "2026-03",
          "2026-04",
          "2026-05",
          "2026-06"
        ],
        "cacah_bulan_saudara": 1,
        "cocok_bulan": true,
        "saudara_diperiksa": [
          "CVCUSDTSETTLED",
          "CVCUSDT_SETTLED"
        ],
        "saudara_ditemukan": [
          "CVCUSDTSETTLED"
        ],
        "sebab": "saudara_settled_memuat_bulan",
        "simbol": "CVCUSDT"
      },
      {
        "bulan_peralihan": "2025-07",
        "bulan_saudara": [
          "2025-07"
        ],
        "bulan_simbol_dasar": [
          "2022-09",
          "2022-10",
          "2022-11",
          "2022-12",
          "2023-01",
          "2023-02",
          "2023-03",
          "2023-04",
          "2023-05",
          "2023-06",
          "2023-07",
          "2023-08",
          "2023-09",
          "2023-10",
          "2023-11",
          "2023-12",
          "2024-01",
          "2024-02",
          "2024-03",
          "2024-04",
          "2024-05",
          "2024-06",
          "2024-07",
          "2024-08",
          "2024-09",
          "2024-10",
          "2024-11",
          "2024-12",
          "2025-01",
          "2025-02",
          "2025-03",
          "2025-04",
          "2025-05",
          "2025-06",
          "2025-07",
          "2025-08",
          "2025-09",
          "2025-10",
          "2025-11",
          "2025-12",
          "2026-01",
          "2026-02",
          "2026-03",
          "2026-04",
          "2026-05",
          "2026-06"
        ],
        "cacah_bulan_saudara": 1,
        "cocok_bulan": true,
        "saudara_diperiksa": [
          "CVXUSDTSETTLED",
          "CVXUSDT_SETTLED"
        ],
        "saudara_ditemukan": [
          "CVXUSDTSETTLED"
        ],
        "sebab": "saudara_settled_memuat_bulan",
        "simbol": "CVXUSDT"
      },
      {
        "bulan_peralihan": "2025-12",
        "bulan_saudara": [
          "2025-12"
        ],
        "bulan_simbol_dasar": [
          "2021-02",
          "2021-03",
          "2021-04",
          "2021-05",
          "2021-06",
          "2021-07",
          "2021-08",
          "2021-09",
          "2021-10",
          "2021-11",
          "2021-12",
          "2022-01",
          "2022-02",
          "2022-03",
          "2022-04",
          "2022-05",
          "2022-06",
          "2022-07",
          "2022-08",
          "2022-09",
          "2022-10",
          "2022-11",
          "2022-12",
          "2023-01",
          "2023-02",
          "2023-03",
          "2023-04",
          "2023-05",
          "2023-06",
          "2023-07",
          "2023-08",
          "2023-09",
          "2023-10",
          "2023-11",
          "2023-12",
          "2024-01",
          "2024-02",
          "2024-03",
          "2024-04",
          "2024-05",
          "2024-06",
          "2024-07",
          "2024-08",
          "2024-09",
          "2024-10",
          "2024-11",
          "2024-12",
          "2025-01",
          "2025-02",
          "2025-03",
          "2025-04",
          "2025-05",
          "2025-06",
          "2025-07",
          "2025-08",
          "2025-09",
          "2025-10",
          "2025-11",
          "2025-12",
          "2026-01",
          "2026-02",
          "2026-03",
          "2026-04",
          "2026-05",
          "2026-06"
        ],
        "cacah_bulan_saudara": 1,
        "cocok_bulan": true,
        "saudara_diperiksa": [
          "LITUSDTSETTLED",
          "LITUSDT_SETTLED"
        ],
        "saudara_ditemukan": [
          "LITUSDTSETTLED"
        ],
        "sebab": "saudara_settled_memuat_bulan",
        "simbol": "LITUSDT"
      },
      {
        "bulan_peralihan": "2025-03",
        "bulan_saudara": [
          "2025-03"
        ],
        "bulan_simbol_dasar": [
          "2024-02",
          "2024-03",
          "2024-04",
          "2024-05",
          "2024-06",
          "2024-07",
          "2024-08",
          "2024-09",
          "2024-10",
          "2024-11",
          "2024-12",
          "2025-01",
          "2025-02",
          "2025-03",
          "2025-04",
          "2025-05",
          "2025-06",
          "2025-07",
          "2025-08",
          "2025-09",
          "2025-10",
          "2025-11",
          "2025-12",
          "2026-01",
          "2026-02",
          "2026-03",
          "2026-04",
          "2026-05",
          "2026-06"
        ],
        "cacah_bulan_saudara": 1,
        "cocok_bulan": true,
        "saudara_diperiksa": [
          "MAVIAUSDTSETTLED",
          "MAVIAUSDT_SETTLED"
        ],
        "saudara_ditemukan": [
          "MAVIAUSDTSETTLED"
        ],
        "sebab": "saudara_settled_memuat_bulan",
        "simbol": "MAVIAUSDT"
      },
      {
        "bulan_peralihan": "2025-07",
        "bulan_saudara": [
          "2025-07"
        ],
        "bulan_simbol_dasar": [
          "2023-10",
          "2023-11",
          "2023-12",
          "2024-01",
          "2024-02",
          "2024-03",
          "2024-04",
          "2024-05",
          "2024-06",
          "2024-07",
          "2024-08",
          "2024-09",
          "2024-10",
          "2024-11",
          "2024-12",
          "2025-01",
          "2025-02",
          "2025-03",
          "2025-04",
          "2025-05",
          "2025-06",
          "2025-07",
          "2025-08",
          "2025-09",
          "2025-10",
          "2025-11",
          "2025-12",
          "2026-01",
          "2026-02",
          "2026-03",
          "2026-04",
          "2026-05",
          "2026-06"
        ],
        "cacah_bulan_saudara": 1,
        "cocok_bulan": true,
        "saudara_diperiksa": [
          "SLPUSDTSETTLED",
          "SLPUSDT_SETTLED"
        ],
        "saudara_ditemukan": [
          "SLPUSDTSETTLED"
        ],
        "sebab": "saudara_settled_memuat_bulan",
        "simbol": "SLPUSDT"
      }
    ],
    "cacah_cocok_bulan": 6,
    "cacah_peralihan": 6,
    "cacah_terukur": 6,
    "definisi_dapat_dibedakan": false,
    "menang": true,
    "sebab_terpakai": [
      "saudara_settled_memuat_bulan"
    ],
    "terukur": true
  },
  "ringkasan": {
    "cacah_cocok_bulan": 6,
    "cacah_cocok_cacah": 24,
    "cacah_gagal_daftar": 0,
    "cacah_nama_didaftar": 24,
    "cacah_nama_silang": 24,
    "cacah_settled_tercatat": 15,
    "h_a013_dapat_dibedakan": false,
    "h_a013_menang": true,
    "h_a013_terukur": true,
    "jumlah_bulan_didaftar": 518,
    "kendali": {
      "ambang": 60,
      "cacah_bulan": 78,
      "sah": true,
      "simbol": "BTCUSDT",
      "terukur": true
    },
    "kendali_sah": true,
    "seluruhnya_cocok": true
  },
  "sidik_data_silang": "00a95373406419ddb91247adf44fe0080b2b59829fe44885a946a14b69e5a4a1",
  "sidik_kode": "cf96025fccfc585849e4f86672dee67d0d0ed75e0a9d44508f792a4f9a86048c",
  "silang_cacah": {
    "baris": [
      {
        "ada_di_laporan_lama": true,
        "cacah_kini": 1,
        "cacah_tercatat": 1,
        "cocok": true,
        "nama": "AERGOUSDTSETTLED"
      },
      {
        "ada_di_laporan_lama": true,
        "cacah_kini": 1,
        "cacah_tercatat": 1,
        "cocok": true,
        "nama": "AIAUSDTSETTLED"
      },
      {
        "ada_di_laporan_lama": true,
        "cacah_kini": 1,
        "cacah_tercatat": 1,
        "cocok": true,
        "nama": "BDXNUSDTSETTLED"
      },
      {
        "ada_di_laporan_lama": true,
        "cacah_kini": 51,
        "cacah_tercatat": 51,
        "cocok": true,
        "nama": "BNXUSDT"
      },
      {
        "ada_di_laporan_lama": true,
        "cacah_kini": 6,
        "cacah_tercatat": 6,
        "cocok": true,
        "nama": "BNXUSDTSETTLED"
      },
      {
        "ada_di_laporan_lama": true,
        "cacah_kini": 68,
        "cacah_tercatat": 68,
        "cocok": true,
        "nama": "CTKUSDT"
      },
      {
        "ada_di_laporan_lama": true,
        "cacah_kini": 1,
        "cacah_tercatat": 1,
        "cocok": true,
        "nama": "CTKUSDTSETTLED"
      },
      {
        "ada_di_laporan_lama": true,
        "cacah_kini": 68,
        "cacah_tercatat": 68,
        "cocok": true,
        "nama": "CVCUSDT"
      },
      {
        "ada_di_laporan_lama": true,
        "cacah_kini": 1,
        "cacah_tercatat": 1,
        "cocok": true,
        "nama": "CVCUSDTSETTLED"
      },
      {
        "ada_di_laporan_lama": true,
        "cacah_kini": 46,
        "cacah_tercatat": 46,
        "cocok": true,
        "nama": "CVXUSDT"
      },
      {
        "ada_di_laporan_lama": true,
        "cacah_kini": 1,
        "cacah_tercatat": 1,
        "cocok": true,
        "nama": "CVXUSDTSETTLED"
      },
      {
        "ada_di_laporan_lama": true,
        "cacah_kini": 62,
        "cacah_tercatat": 62,
        "cocok": true,
        "nama": "ICPUSDT"
      },
      {
        "ada_di_laporan_lama": true,
        "cacah_kini": 9,
        "cacah_tercatat": 9,
        "cocok": true,
        "nama": "ICPUSDT_SETTLED"
      },
      {
        "ada_di_laporan_lama": true,
        "cacah_kini": 65,
        "cacah_tercatat": 65,
        "cocok": true,
        "nama": "LITUSDT"
      },
      {
        "ada_di_laporan_lama": true,
        "cacah_kini": 1,
        "cacah_tercatat": 1,
        "cocok": true,
        "nama": "LITUSDTSETTLED"
      },
      {
        "ada_di_laporan_lama": true,
        "cacah_kini": 29,
        "cacah_tercatat": 29,
        "cocok": true,
        "nama": "MAVIAUSDT"
      },
      {
        "ada_di_laporan_lama": true,
        "cacah_kini": 1,
        "cacah_tercatat": 1,
        "cocok": true,
        "nama": "MAVIAUSDTSETTLED"
      },
      {
        "ada_di_laporan_lama": true,
        "cacah_kini": 1,
        "cacah_tercatat": 1,
        "cocok": true,
        "nama": "MINAUSDTSETTLED"
      },
      {
        "ada_di_laporan_lama": true,
        "cacah_kini": 1,
        "cacah_tercatat": 1,
        "cocok": true,
        "nama": "PUMPUSDTSETTLED"
      },
      {
        "ada_di_laporan_lama": true,
        "cacah_kini": 33,
        "cacah_tercatat": 33,
        "cocok": true,
        "nama": "SLPUSDT"
      },
      {
        "ada_di_laporan_lama": true,
        "cacah_kini": 1,
        "cacah_tercatat": 1,
        "cocok": true,
        "nama": "SLPUSDTSETTLED"
      },
      {
        "ada_di_laporan_lama": true,
        "cacah_kini": 1,
        "cacah_tercatat": 1,
        "cocok": true,
        "nama": "SXPUSDTSETTLED"
      },
      {
        "ada_di_laporan_lama": true,
        "cacah_kini": 60,
        "cacah_tercatat": 60,
        "cocok": true,
        "nama": "TLMUSDT"
      },
      {
        "ada_di_laporan_lama": true,
        "cacah_kini": 9,
        "cacah_tercatat": 9,
        "cocok": true,
        "nama": "TLMUSDTSETTLED"
      }
    ],
    "cacah_cocok_cacah": 24,
    "cacah_nama": 24,
    "cacah_tak_ada_di_laporan_lama": 0,
    "seluruhnya_cocok": true
  },
  "versi_bulan_settled": 1,
  "waktu_utc": "2026-07-29T11:38:40Z"
}

