{
  "bukan_bukti": false,
  "bulan_diminta": 38,
  "bulan_diperiksa": 38,
  "bulan_tengah_diperiksa": 37,
  "cacah_bulan_pertama_dikecualikan": 1,
  "cacah_bulan_tepi_tak_nol": 0,
  "cacah_bulan_terakhir_dikecualikan": 0,
  "cacah_gerbang_lolos_padahal_tepi_terpotong": 0,
  "cacah_hari_tepi_tidak_tersedia": 0,
  "cacah_selisih_tak_terjelaskan": 0,
  "cacah_tepi_bersih": 37,
  "cacah_tepi_tak_terjelaskan": 1,
  "cacah_tepi_terpotong": 0,
  "cacah_tidak_mengukur": 0,
  "cakupan_disampel": [
    "BNXUSDT:2022-04",
    "币安人生USDT:2026-02",
    "1INCHUSDT:2023-09",
    "GALUSDT:2023-06",
    "0GUSDT:2026-02",
    "1000LUNCUSDT:2024-08",
    "我踏马来了USDT:2026-04",
    "ANKRUSDT:2023-10",
    "1000000BOBUSDT:2025-12",
    "1000PEPEUSDT:2024-12",
    "龙虾USDT:2026-05",
    "DOTUSDT:2023-07",
    "BDXNUSDT:2025-11",
    "2ZUSDT:2026-02",
    "1000000MOGUSDT:2025-09",
    "ALGOUSDT:2023-06",
    "ANTUSDT:2023-03",
    "42USDT:2026-02",
    "1000BONKUSDT:2025-03",
    "1000SATSUSDT:2025-03",
    "1000SHIBUSDT:2023-12",
    "1000BTTCUSDT:2022-03",
    "4USDT:2026-02",
    "ACUUSDT:2026-04",
    "AGLDUSDT:2025-01",
    "BALUSDT:2023-08",
    "FOOTBALLUSDT:2023-07",
    "A2ZUSDT:2026-01",
    "1000CATUSDT:2025-08",
    "1000WHYUSDT:2025-09",
    "1000XECUSDT:2024-02",
    "BTSUSDT:2022-10",
    "1000CHEEMSUSDT:2025-09",
    "ADAUSDT:2023-04",
    "AKROUSDT:2021-09",
    "AAPLUSDT:2026-05",
    "1000FLOKIUSDT:2024-12",
    "1000XUSDT:2025-09"
  ],
  "catatan_pengecualian": "bulan pertama dan terakhir hidup tiap simbol dikecualikan dari putusan karena parsialnya sah, tetapi tetap dicacah agar tidak hilang dari penyebut (aturan 28, 30)",
  "catatan_penggugur": "cacah_gerbang_lolos_padahal_tepi_terpotong > 0 berarti gerbang meloloskan simbol-bulan yang datanya benar-benar terpotong di tepi, dan enam klausa ADR-A004 tidak cukup (aturan 24)",
  "catatan_rentang": "sampel bulan tengah dari kedelapan pecahan; kesimpulan tidak boleh diperluas ke 19.598 simbol-bulan (aturan 20)",
  "hari_tepi_diperiksa": 1,
  "kelas_risiko_kosong": [
    "bulan_awal_2020_2021"
  ],
  "kelas_risiko_tersentuh": {
    "bulan_awal_2020_2021": 0,
    "kendali_baru": 12,
    "non_ascii": 3,
    "pra_header": 11,
    "terhenti": 7
  },
  "menit_tepi_hadir_di_harian": 0,
  "sidik_data": "6128fbb0ceac0c8e5dfbfefd2bd9e49c66aa77af15d4b0082243a8f7f7e43806",
  "sidik_kode": "c27c0debe03efad77b5d6505e33a2e33eb83c325e4335459fd74896a839ed9a3",
  "status": "TERUKUR",
  "sumber_rentang": "reports/semesta_rentang.json",
  "tersangka_tepi": [
    "BNXUSDT 2022-04"
  ],
  "total_menit_tepi": 0,
  "waktu_utc": "2026-07-28T14:36:55Z"
}
