{
  "batas_daftar": 500,
  "bukan_bukti": true,
  "byte_zip_sampel_maks": 1942,
  "byte_zip_sampel_min": 433,
  "cacah_bulan_funding_tanpa_klines": 87,
  "cacah_bulan_klines_tanpa_funding": 880,
  "cacah_sampel": 4,
  "cacah_sampel_gagal_checksum": 0,
  "cacah_sampel_gagal_unduh": 0,
  "cacah_simbol_gagal_daftar": 0,
  "catatan_bukan_bukti": "laporan ini diagnostik: ia mengukur ketersediaan funding dan TIDAK menulis funding_ada di manifes mana pun",
  "catatan_kelas_kosong": "kelas risiko tanpa kandidat tidak menghasilkan wakil sampel; klaim apa pun tentang kelas itu berpenyebut nol dan TIDAK dapat dibedakan dari kasus lain (aturan 41, 46)",
  "catatan_metode": "ketersediaan diukur dari listing S3, bukan dari 404 per berkas; unduhan sungguhan hanya untuk sampel berlapis (aturan 37). Ketiadaan nama di listing dan ketiadaan berkas di CDN adalah dua hal berbeda, dan hanya yang pertama yang diukur di sini",
  "catatan_penggugur": "cacah_simbol_gagal_daftar != 0 berarti listing tidak lengkap dan seluruh cacah di laporan ini batal sebagai angka semesta; bulan_klines != 19.598 berarti semesta yang dilihat modul ini bukan semesta manifes serapan, sehingga perbandingannya tidak sah (aturan 24)",
  "catatan_rentang": "kesimpulan berlaku untuk semesta perpetual_usdt pada semesta_rentang.json saja, bukan untuk 937 simbol arsip (aturan 20)",
  "contoh_gagal_daftar": [],
  "daftar_funding_tanpa_klines": [
    "ANTUSDT:2024-06",
    "ANTUSDT:2024-07",
    "AUDIOUSDT:2024-06",
    "AUDIOUSDT:2024-07",
    "BNTUSDT:2021-01",
    "BNTUSDT:2021-02",
    "BNTUSDT:2021-03",
    "BNTUSDT:2021-04",
    "BTSUSDT:2024-06",
    "BTSUSDT:2024-07",
    "BTSUSDT:2024-08",
    "BZUSDT:2026-03",
    "CLUSDT:2026-03",
    "COCOSUSDT:2024-06",
    "COCOSUSDT:2024-07",
    "DOTECOUSDT:2021-03",
    "EOSUSDT:2025-06",
    "EOSUSDT:2025-07",
    "EOSUSDT:2025-08",
    "EOSUSDT:2025-09",
    "EOSUSDT:2025-10",
    "EOSUSDT:2025-11",
    "EOSUSDT:2025-12",
    "EOSUSDT:2026-01",
    "EOSUSDT:2026-02",
    "EOSUSDT:2026-03",
    "EOSUSDT:2026-04",
    "EOSUSDT:2026-05",
    "EOSUSDT:2026-06",
    "FOOTBALLUSDT:2022-08",
    "FOOTBALLUSDT:2024-06",
    "FOOTBALLUSDT:2024-07",
    "FRONTUSDT:2024-10",
    "FRONTUSDT:2024-11",
    "FRONTUSDT:2024-12",
    "FRONTUSDT:2025-01",
    "FRONTUSDT:2025-02",
    "FRONTUSDT:2025-03",
    "FRONTUSDT:2025-04",
    "FRONTUSDT:2025-05",
    "FRONTUSDT:2025-06",
    "FRONTUSDT:2025-07",
    "FRONTUSDT:2025-08",
    "FRONTUSDT:2025-09",
    "FRONTUSDT:2025-10",
    "FRONTUSDT:2025-11",
    "FRONTUSDT:2025-12",
    "FRONTUSDT:2026-01",
    "FRONTUSDT:2026-02",
    "FRONTUSDT:2026-03",
    "FRONTUSDT:2026-04",
    "FRONTUSDT:2026-05",
    "FRONTUSDT:2026-06",
    "GALUSDT:2024-08",
    "HNTUSDT:2024-06",
    "HNTUSDT:2024-07",
    "HNTUSDT:2024-08",
    "MATICUSDT:2024-10",
    "MATICUSDT:2024-11",
    "MATICUSDT:2024-12",
    "MATICUSDT:2025-01",
    "MATICUSDT:2025-02",
    "MATICUSDT:2025-03",
    "MATICUSDT:2025-04",
    "MATICUSDT:2025-05",
    "MATICUSDT:2025-06",
    "MATICUSDT:2025-07",
    "MATICUSDT:2025-08",
    "MATICUSDT:2025-09",
    "MATICUSDT:2025-10",
    "MATICUSDT:2025-11",
    "MATICUSDT:2025-12",
    "MATICUSDT:2026-01",
    "MATICUSDT:2026-02",
    "MATICUSDT:2026-03",
    "MATICUSDT:2026-04",
    "MATICUSDT:2026-05",
    "MATICUSDT:2026-06",
    "MBLUSDT:2024-06",
    "MBLUSDT:2024-07",
    "NATGASUSDT:2026-03",
    "RNDRUSDT:2024-08",
    "SRMUSDT:2024-06",
    "SRMUSDT:2024-07",
    "TOMOUSDT:2024-06",
    "TOMOUSDT:2024-07",
    "TOMOUSDT:2024-08"
  ],
  "daftar_klines_tanpa_funding": [
    "1000WHYUSDT:2026-04",
    "1000WHYUSDT:2026-05",
    "1000WHYUSDT:2026-06",
    "1000XUSDT:2025-12",
    "1000XUSDT:2026-01",
    "1000XUSDT:2026-02",
    "1000XUSDT:2026-03",
    "1000XUSDT:2026-04",
    "1000XUSDT:2026-05",
    "1000XUSDT:2026-06",
    "42USDT:2026-02",
    "42USDT:2026-03",
    "42USDT:2026-04",
    "42USDT:2026-05",
    "42USDT:2026-06",
    "A2ZUSDT:2026-04",
    "A2ZUSDT:2026-05",
    "A2ZUSDT:2026-06",
    "AGIXUSDT:2025-07",
    "AGIXUSDT:2025-08",
    "AGIXUSDT:2025-09",
    "AGIXUSDT:2025-10",
    "AGIXUSDT:2025-11",
    "AGIXUSDT:2025-12",
    "AGIXUSDT:2026-01",
    "AGIXUSDT:2026-02",
    "AGIXUSDT:2026-03",
    "AGIXUSDT:2026-04",
    "AGIXUSDT:2026-05",
    "AGIXUSDT:2026-06",
    "AI16ZUSDT:2025-12",
    "AI16ZUSDT:2026-01",
    "AI16ZUSDT:2026-02",
    "AI16ZUSDT:2026-03",
    "AI16ZUSDT:2026-04",
    "AI16ZUSDT:2026-05",
    "AI16ZUSDT:2026-06",
    "AIUSDT:2026-05",
    "AIUSDT:2026-06",
    "ALPACAUSDT:2025-07",
    "ALPACAUSDT:2025-08",
    "ALPACAUSDT:2025-09",
    "ALPACAUSDT:2025-10",
    "ALPACAUSDT:2025-11",
    "ALPACAUSDT:2025-12",
    "ALPACAUSDT:2026-01",
    "ALPACAUSDT:2026-02",
    "ALPACAUSDT:2026-03",
    "ALPACAUSDT:2026-04",
    "ALPACAUSDT:2026-05",
    "ALPACAUSDT:2026-06",
    "ALPHAUSDT:2025-10",
    "ALPHAUSDT:2025-11",
    "ALPHAUSDT:2025-12",
    "ALPHAUSDT:2026-01",
    "ALPHAUSDT:2026-02",
    "ALPHAUSDT:2026-03",
    "ALPHAUSDT:2026-04",
    "ALPHAUSDT:2026-05",
    "ALPHAUSDT:2026-06",
    "AMBUSDT:2025-07",
    "AMBUSDT:2025-08",
    "AMBUSDT:2025-09",
    "AMBUSDT:2025-10",
    "AMBUSDT:2025-11",
    "AMBUSDT:2025-12",
    "AMBUSDT:2026-01",
    "AMBUSDT:2026-02",
    "AMBUSDT:2026-03",
    "AMBUSDT:2026-04",
    "AMBUSDT:2026-05",
    "AMBUSDT:2026-06",
    "ATAUSDT:2026-06",
    "B3USDT:2026-05",
    "B3USDT:2026-06",
    "BADGERUSDT:2025-07",
    "BADGERUSDT:2025-08",
    "BADGERUSDT:2025-09",
    "BADGERUSDT:2025-10",
    "BADGERUSDT:2025-11",
    "BADGERUSDT:2025-12",
    "BADGERUSDT:2026-01",
    "BADGERUSDT:2026-02",
    "BADGERUSDT:2026-03",
    "BADGERUSDT:2026-04",
    "BADGERUSDT:2026-05",
    "BADGERUSDT:2026-06",
    "BAKEUSDT:2025-11",
    "BAKEUSDT:2025-12",
    "BAKEUSDT:2026-01",
    "BAKEUSDT:2026-02",
    "BAKEUSDT:2026-03",
    "BAKEUSDT:2026-04",
    "BAKEUSDT:2026-05",
    "BAKEUSDT:2026-06",
    "BALUSDT:2025-07",
    "BALUSDT:2025-08",
    "BALUSDT:2025-09",
    "BALUSDT:2025-10",
    "BALUSDT:2025-11",
    "BALUSDT:2025-12",
    "BALUSDT:2026-01",
    "BALUSDT:2026-02",
    "BALUSDT:2026-03",
    "BALUSDT:2026-04",
    "BALUSDT:2026-05",
    "BALUSDT:2026-06",
    "BIDUSDT:2026-02",
    "BIDUSDT:2026-03",
    "BIDUSDT:2026-04",
    "BIDUSDT:2026-05",
    "BIDUSDT:2026-06",
    "BLZUSDT:2025-07",
    "BLZUSDT:2025-08",
    "BLZUSDT:2025-09",
    "BLZUSDT:2025-10",
    "BLZUSDT:2025-11",
    "BLZUSDT:2025-12",
    "BLZUSDT:2026-01",
    "BLZUSDT:2026-02",
    "BLZUSDT:2026-03",
    "BLZUSDT:2026-04",
    "BLZUSDT:2026-05",
    "BLZUSDT:2026-06",
    "BNXUSDT:2022-04",
    "BNXUSDT:2022-05",
    "BNXUSDT:2022-06",
    "BNXUSDT:2022-07",
    "BNXUSDT:2022-08",
    "BNXUSDT:2022-09",
    "BNXUSDT:2022-10",
    "BNXUSDT:2022-11",
    "BNXUSDT:2022-12",
    "BNXUSDT:2023-01",
    "BNXUSDT:2025-07",
    "BNXUSDT:2025-08",
    "BNXUSDT:2025-09",
    "BNXUSDT:2025-10",
    "BNXUSDT:2025-11",
    "BNXUSDT:2025-12",
    "BNXUSDT:2026-01",
    "BNXUSDT:2026-02",
    "BNXUSDT:2026-03",
    "BNXUSDT:2026-04",
    "BNXUSDT:2026-05",
    "BNXUSDT:2026-06",
    "BOBUSDT:2026-05",
    "BOBUSDT:2026-06",
    "BONDUSDT:2025-07",
    "BONDUSDT:2025-08",
    "BONDUSDT:2025-09",
    "BONDUSDT:2025-10",
    "BONDUSDT:2025-11",
    "BONDUSDT:2025-12",
    "BONDUSDT:2026-01",
    "BONDUSDT:2026-02",
    "BONDUSDT:2026-03",
    "BONDUSDT:2026-04",
    "BONDUSDT:2026-05",
    "BONDUSDT:2026-06",
    "BSWUSDT:2025-10",
    "BSWUSDT:2025-11",
    "BSWUSDT:2025-12",
    "BSWUSDT:2026-01",
    "BSWUSDT:2026-02",
    "BSWUSDT:2026-03",
    "BSWUSDT:2026-04",
    "BSWUSDT:2026-05",
    "BSWUSDT:2026-06",
    "BTCSTUSDT:2022-01",
    "CHESSUSDT:2026-03",
    "CHESSUSDT:2026-04",
    "CHESSUSDT:2026-05",
    "CHESSUSDT:2026-06",
    "COMBOUSDT:2025-07",
    "COMBOUSDT:2025-08",
    "COMBOUSDT:2025-09",
    "COMBOUSDT:2025-10",
    "COMBOUSDT:2025-11",
    "COMBOUSDT:2025-12",
    "COMBOUSDT:2026-01",
    "COMBOUSDT:2026-02",
    "COMBOUSDT:2026-03",
    "COMBOUSDT:2026-04",
    "COMBOUSDT:2026-05",
    "COMBOUSDT:2026-06",
    "COMMONUSDT:2026-02",
    "COMMONUSDT:2026-03",
    "COMMONUSDT:2026-04",
    "COMMONUSDT:2026-05",
    "COMMONUSDT:2026-06",
    "CUDISUSDT:2026-02",
    "CUDISUSDT:2026-03",
    "CUDISUSDT:2026-04",
    "CUDISUSDT:2026-05",
    "CUDISUSDT:2026-06",
    "DAMUSDT:2026-05",
    "DAMUSDT:2026-06",
    "DARUSDT:2025-07",
    "DARUSDT:2025-08",
    "DARUSDT:2025-09",
    "DARUSDT:2025-10",
    "DARUSDT:2025-11",
    "DARUSDT:2025-12",
    "DARUSDT:2026-01",
    "DARUSDT:2026-02",
    "DARUSDT:2026-03",
    "DARUSDT:2026-04",
    "DARUSDT:2026-05",
    "DARUSDT:2026-06",
    "DEGENUSDT:2026-05",
    "DEGENUSDT:2026-06",
    "DEGOUSDT:2026-05",
    "DEGOUSDT:2026-06",
    "DENTUSDT:2026-05",
    "DENTUSDT:2026-06",
    "DFUSDT:2026-03",
    "DFUSDT:2026-04",
    "DFUSDT:2026-05",
    "DFUSDT:2026-06",
    "DGBUSDT:2025-07",
    "DGBUSDT:2025-08",
    "DGBUSDT:2025-09",
    "DGBUSDT:2025-10",
    "DGBUSDT:2025-11",
    "DGBUSDT:2025-12",
    "DGBUSDT:2026-01",
    "DGBUSDT:2026-02",
    "DGBUSDT:2026-03",
    "DGBUSDT:2026-04",
    "DGBUSDT:2026-05",
    "DGBUSDT:2026-06",
    "DMCUSDT:2026-02",
    "DMCUSDT:2026-03",
    "DMCUSDT:2026-04",
    "DMCUSDT:2026-05",
    "DMCUSDT:2026-06",
    "EPTUSDT:2026-02",
    "EPTUSDT:2026-03",
    "EPTUSDT:2026-04",
    "EPTUSDT:2026-05",
    "EPTUSDT:2026-06",
    "FIOUSDT:2026-05",
    "FIOUSDT:2026-06",
    "FISUSDT:2026-01",
    "FISUSDT:2026-02",
    "FISUSDT:2026-03",
    "FISUSDT:2026-04",
    "FISUSDT:2026-05",
    "FISUSDT:2026-06",
    "FLMUSDT:2025-12",
    "FLMUSDT:2026-01",
    "FLMUSDT:2026-02",
    "FLMUSDT:2026-03",
    "FLMUSDT:2026-04",
    "FLMUSDT:2026-05",
    "FLMUSDT:2026-06",
    "FORTHUSDT:2026-04",
    "FORTHUSDT:2026-05",
    "FORTHUSDT:2026-06",
    "FTMUSDT:2025-07",
    "FTMUSDT:2025-08",
    "FTMUSDT:2025-09",
    "FTMUSDT:2025-10",
    "FTMUSDT:2025-11",
    "FTMUSDT:2025-12",
    "FTMUSDT:2026-01",
    "FTMUSDT:2026-02",
    "FTMUSDT:2026-03",
    "FTMUSDT:2026-04",
    "FTMUSDT:2026-05",
    "FTMUSDT:2026-06",
    "FTTUSDT:2025-07",
    "FTTUSDT:2025-08",
    "FTTUSDT:2025-09",
    "FTTUSDT:2025-10",
    "FTTUSDT:2025-11",
    "FTTUSDT:2025-12",
    "FTTUSDT:2026-01",
    "FTTUSDT:2026-02",
    "FTTUSDT:2026-03",
    "FTTUSDT:2026-04",
    "FTTUSDT:2026-05",
    "FTTUSDT:2026-06",
    "FUNUSDT:2026-05",
    "FUNUSDT:2026-06",
    "FXSUSDT:2026-02",
    "FXSUSDT:2026-03",
    "FXSUSDT:2026-04",
    "FXSUSDT:2026-05",
    "FXSUSDT:2026-06",
    "GHSTUSDT:2026-03",
    "GHSTUSDT:2026-04",
    "GHSTUSDT:2026-05",
    "GHSTUSDT:2026-06",
    "GLMRUSDT:2025-07",
    "GLMRUSDT:2025-08",
    "GLMRUSDT:2025-09",
    "GLMRUSDT:2025-10",
    "GLMRUSDT:2025-11",
    "GLMRUSDT:2025-12",
    "GLMRUSDT:2026-01",
    "GLMRUSDT:2026-02",
    "GLMRUSDT:2026-03",
    "GLMRUSDT:2026-04",
    "GLMRUSDT:2026-05",
    "GLMRUSDT:2026-06",
    "HIFIUSDT:2025-11",
    "HIFIUSDT:2025-12",
    "HIFIUSDT:2026-01",
    "HIFIUSDT:2026-02",
    "HIFIUSDT:2026-03",
    "HIFIUSDT:2026-04",
    "HIFIUSDT:2026-05",
    "HIFIUSDT:2026-06",
    "HIPPOUSDT:2026-05",
    "HIPPOUSDT:2026-06",
    "HOOKUSDT:2026-04",
    "HOOKUSDT:2026-05",
    "HOOKUSDT:2026-06",
    "ICPUSDT:2021-05",
    "ICPUSDT:2021-06",
    "ICPUSDT:2021-07",
    "ICPUSDT:2021-08",
    "ICPUSDT:2021-09",
    "ICPUSDT:2021-10",
    "ICPUSDT:2021-11",
    "ICPUSDT:2021-12",
    "ICPUSDT:2022-01",
    "ICPUSDT:2022-02",
    "ICPUSDT:2022-03",
    "ICPUSDT:2022-04",
    "ICPUSDT:2022-05",
    "ICPUSDT:2022-06",
    "ICPUSDT:2022-07",
    "ICPUSDT:2022-08",
    "IDEXUSDT:2025-07",
    "IDEXUSDT:2025-08",
    "IDEXUSDT:2025-09",
    "IDEXUSDT:2025-10",
    "IDEXUSDT:2025-11",
    "IDEXUSDT:2025-12",
    "IDEXUSDT:2026-01",
    "IDEXUSDT:2026-02",
    "IDEXUSDT:2026-03",
    "IDEXUSDT:2026-04",
    "IDEXUSDT:2026-05",
    "IDEXUSDT:2026-06",
    "IRUSDT:2026-05",
    "IRUSDT:2026-06",
    "JUPUSDT:2024-01",
    "KDAUSDT:2025-12",
    "KDAUSDT:2026-01",
    "KDAUSDT:2026-02",
    "KDAUSDT:2026-03",
    "KDAUSDT:2026-04",
    "KDAUSDT:2026-05",
    "KDAUSDT:2026-06",
    "KEYUSDT:2025-07",
    "KEYUSDT:2025-08",
    "KEYUSDT:2025-09",
    "KEYUSDT:2025-10",
    "KEYUSDT:2025-11",
    "KEYUSDT:2025-12",
    "KEYUSDT:2026-01",
    "KEYUSDT:2026-02",
    "KEYUSDT:2026-03",
    "KEYUSDT:2026-04",
    "KEYUSDT:2026-05",
    "KEYUSDT:2026-06",
    "KLAYUSDT:2025-07",
    "KLAYUSDT:2025-08",
    "KLAYUSDT:2025-09",
    "KLAYUSDT:2025-10",
    "KLAYUSDT:2025-11",
    "KLAYUSDT:2025-12",
    "KLAYUSDT:2026-01",
    "KLAYUSDT:2026-02",
    "KLAYUSDT:2026-03",
    "KLAYUSDT:2026-04",
    "KLAYUSDT:2026-05",
    "KLAYUSDT:2026-06",
    "LENDUSDT:2020-11",
    "LEVERUSDT:2025-10",
    "LEVERUSDT:2025-11",
    "LEVERUSDT:2025-12",
    "LEVERUSDT:2026-01",
    "LEVERUSDT:2026-02",
    "LEVERUSDT:2026-03",
    "LEVERUSDT:2026-04",
    "LEVERUSDT:2026-05",
    "LEVERUSDT:2026-06",
    "LINAUSDT:2025-07",
    "LINAUSDT:2025-08",
    "LINAUSDT:2025-09",
    "LINAUSDT:2025-10",
    "LINAUSDT:2025-11",
    "LINAUSDT:2025-12",
    "LINAUSDT:2026-01",
    "LINAUSDT:2026-02",
    "LINAUSDT:2026-03",
    "LINAUSDT:2026-04",
    "LINAUSDT:2026-05",
    "LINAUSDT:2026-06",
    "LITUSDT:2025-07",
    "LITUSDT:2025-08",
    "LITUSDT:2025-09",
    "LITUSDT:2025-10",
    "LITUSDT:2025-11",
    "LOKAUSDT:2025-08",
    "LOKAUSDT:2025-09",
    "LOKAUSDT:2025-10",
    "LOKAUSDT:2025-11",
    "LOKAUSDT:2025-12",
    "LOKAUSDT:2026-01",
    "LOKAUSDT:2026-02",
    "LOKAUSDT:2026-03",
    "LOKAUSDT:2026-04",
    "LOKAUSDT:2026-05",
    "LOKAUSDT:2026-06",
    "LOOMUSDT:2025-07",
    "LOOMUSDT:2025-08",
    "LOOMUSDT:2025-09",
    "LOOMUSDT:2025-10",
    "LOOMUSDT:2025-11",
    "LOOMUSDT:2025-12",
    "LOOMUSDT:2026-01",
    "LOOMUSDT:2026-02",
    "LOOMUSDT:2026-03",
    "LOOMUSDT:2026-04",
    "LOOMUSDT:2026-05",
    "LOOMUSDT:2026-06",
    "LRCUSDT:2026-04",
    "LRCUSDT:2026-05",
    "LRCUSDT:2026-06",
    "MDTUSDT:2025-07",
    "MDTUSDT:2025-08",
    "MDTUSDT:2025-09",
    "MDTUSDT:2025-10",
    "MDTUSDT:2025-11",
    "MDTUSDT:2025-12",
    "MDTUSDT:2026-01",
    "MDTUSDT:2026-02",
    "MDTUSDT:2026-03",
    "MDTUSDT:2026-04",
    "MDTUSDT:2026-05",
    "MDTUSDT:2026-06",
    "MEMEFIUSDT:2025-09",
    "MEMEFIUSDT:2025-10",
    "MEMEFIUSDT:2025-11",
    "MEMEFIUSDT:2025-12",
    "MEMEFIUSDT:2026-01",
    "MEMEFIUSDT:2026-02",
    "MEMEFIUSDT:2026-03",
    "MEMEFIUSDT:2026-04",
    "MEMEFIUSDT:2026-05",
    "MEMEFIUSDT:2026-06",
    "MILKUSDT:2026-01",
    "MILKUSDT:2026-02",
    "MILKUSDT:2026-03",
    "MILKUSDT:2026-04",
    "MILKUSDT:2026-05",
    "MILKUSDT:2026-06",
    "MKRUSDT:2025-10",
    "MKRUSDT:2025-11",
    "MKRUSDT:2025-12",
    "MKRUSDT:2026-01",
    "MKRUSDT:2026-02",
    "MKRUSDT:2026-03",
    "MKRUSDT:2026-04",
    "MKRUSDT:2026-05",
    "MKRUSDT:2026-06",
    "MLNUSDT:2026-06",
    "MYROUSDT:2025-12",
    "MYROUSDT:2026-01",
    "MYROUSDT:2026-02",
    "MYROUSDT:2026-03",
    "MYROUSDT:2026-04",
    "MYROUSDT:2026-05",
    "MYROUSDT:2026-06",
    "NEIROETHUSDT:2025-10",
    "NEIROETHUSDT:2025-11",
    "NEIROETHUSDT:2025-12",
    "NEIROETHUSDT:2026-01",
    "NEIROETHUSDT:2026-02",
    "NEIROETHUSDT:2026-03",
    "NEIROETHUSDT:2026-04",
    "NEIROETHUSDT:2026-05",
    "NEIROETHUSDT:2026-06",
    "NKNUSDT:2026-03",
    "NKNUSDT:2026-04",
    "NKNUSDT:2026-05",
    "NKNUSDT:2026-06",
    "NTRNUSDT:2026-04",
    "NTRNUSDT:2026-05",
    "NTRNUSDT:2026-06",
    "NULSUSDT:2025-07",
    "NULSUSDT:2025-08",
    "NULSUSDT:2025-09",
    "NULSUSDT:2025-10"
  ],
  "daftar_terpotong": true,
  "kelas_risiko_kosong": [
    "pra_header"
  ],
  "kelas_risiko_tersentuh": {
    "bulan_awal_2020_2021": 1,
    "kendali_baru": 2,
    "non_ascii": 1,
    "pra_header": 0,
    "terhenti": 1
  },
  "penyebut": {
    "bulan_funding": 18805,
    "bulan_klines": 19598,
    "simbol_diminta": 787,
    "simbol_terdaftar": 787
  },
  "sidik_data": "6128fbb0ceac0c8e5dfbfefd2bd9e49c66aa77af15d4b0082243a8f7f7e43806",
  "sidik_kode": "8ad92ed838f535d91d0ccf6c3299ac576b9388b799f64f5fd03279b25f9c511a",
  "status": "TERUKUR",
  "sumber_rentang": "reports/semesta_rentang.json",
  "versi_funding": 1,
  "waktu_utc": "2026-07-28T22:44:04Z"
}
