{
  "berkas_sumber": "reports/kehidupan_arsip_0.json",
  "byte_sumber": 1111114,
  "definisi": {
    "HIDUP": "selain keduanya",
    "MATI": "transaksi_total == 0",
    "SEPI": "bukan MATI dan bagian_volume_nol >= ambang_sepi",
    "TAK_TERUKUR": "parquet tak terbaca, kolom hilang, atau tak satu baris pun terurai; BUKAN nol dan tidak masuk penyebut mana pun"
  },
  "indeks": 0,
  "kendali_dipilih": [
    {
      "bulan": "2024-12",
      "simbol": "XVGUSDT"
    },
    {
      "bulan": "2021-05",
      "simbol": "MATICUSDT"
    },
    {
      "bulan": "2026-03",
      "simbol": "SIRENUSDT"
    }
  ],
  "ringkasan": {
    "bagian_mati": 0.0507,
    "cacah_anggota_tak_aman": 0,
    "cacah_bagian_hilang": 0,
    "cacah_baris_cacat": 0,
    "cacah_hidup": 2273,
    "cacah_kendali": 3,
    "cacah_kendali_hidup": 3,
    "cacah_mati": 122,
    "cacah_mati_lolos_gerbang": 122,
    "cacah_parquet_diminta": 2408,
    "cacah_parquet_hilang": 0,
    "cacah_parquet_tak_dikenal": 0,
    "cacah_parquet_terbaca": 2408,
    "cacah_sepi": 13,
    "cacah_sha_tak_cocok": 0,
    "cacah_tak_terukur": 0,
    "kendali": [
      {
        "bulan": "2024-12",
        "simbol": "XVGUSDT",
        "status": "HIDUP"
      },
      {
        "bulan": "2021-05",
        "simbol": "MATICUSDT",
        "status": "HIDUP"
      },
      {
        "bulan": "2026-03",
        "simbol": "SIRENUSDT",
        "status": "HIDUP"
      }
    ],
    "lilin_mati": 5339520,
    "lilin_penuh": 103134312,
    "lilin_tanpa_mati": 97794792,
    "parser_terbukti": true,
    "penyebut_penuh": 2408,
    "penyebut_tanpa_mati": 2286,
    "penyebut_tanpa_mati_kosong": false
  },
  "run_id_sumber": "30396803601",
  "sidik_kode": "24b6bb265525e81c2e571b46e401f36903383f1e3738c487850861adc3e8c595",
  "sidik_manifes": "88d5704cc3638577aac30e33608b5d7ce3cbd30ff8371d8fd006f70ebd8bcc0f",
  "sidik_sumber": "aebce35c1dc75371e2371577aa395a7f48adcac361a5ce858f631193b5ffb1b0",
  "versi_kehidupan_arsip": 1
}
