{
  "berkas_sumber": "reports/kehidupan_arsip_5.json",
  "byte_sumber": 1261637,
  "definisi": {
    "HIDUP": "selain keduanya",
    "MATI": "transaksi_total == 0",
    "SEPI": "bukan MATI dan bagian_volume_nol >= ambang_sepi",
    "TAK_TERUKUR": "parquet tak terbaca, kolom hilang, atau tak satu baris pun terurai; BUKAN nol dan tidak masuk penyebut mana pun"
  },
  "indeks": 5,
  "kendali_dipilih": [
    {
      "bulan": "2021-11",
      "simbol": "SANDUSDT"
    },
    {
      "bulan": "2021-05",
      "simbol": "DOGEUSDT"
    },
    {
      "bulan": "2021-04",
      "simbol": "DOGEUSDT"
    }
  ],
  "ringkasan": {
    "bagian_mati": 0.0602,
    "cacah_anggota_tak_aman": 0,
    "cacah_bagian_hilang": 0,
    "cacah_baris_cacat": 0,
    "cacah_hidup": 2564,
    "cacah_kendali": 3,
    "cacah_kendali_hidup": 3,
    "cacah_mati": 165,
    "cacah_mati_lolos_gerbang": 165,
    "cacah_parquet_diminta": 2741,
    "cacah_parquet_hilang": 0,
    "cacah_parquet_tak_dikenal": 0,
    "cacah_parquet_terbaca": 2741,
    "cacah_sepi": 12,
    "cacah_sha_tak_cocok": 0,
    "cacah_tak_terukur": 0,
    "kendali": [
      {
        "bulan": "2021-11",
        "simbol": "SANDUSDT",
        "status": "HIDUP"
      },
      {
        "bulan": "2021-05",
        "simbol": "DOGEUSDT",
        "status": "HIDUP"
      },
      {
        "bulan": "2021-04",
        "simbol": "DOGEUSDT",
        "status": "HIDUP"
      }
    ],
    "lilin_mati": 7204748,
    "lilin_penuh": 117671896,
    "lilin_tanpa_mati": 110467148,
    "parser_terbukti": true,
    "penyebut_penuh": 2741,
    "penyebut_tanpa_mati": 2576,
    "penyebut_tanpa_mati_kosong": false
  },
  "run_id_sumber": "30396803601",
  "sidik_kode": "24b6bb265525e81c2e571b46e401f36903383f1e3738c487850861adc3e8c595",
  "sidik_manifes": "3b0e2d22d47b2f66487092a7861602837a364367d92c3f5a2385dcc81a437c14",
  "sidik_sumber": "e37bd3eebaa97950d604872322e20f5595749a90ca4875dfcfc8a1c4e07753b9",
  "versi_kehidupan_arsip": 1
}
