{
  "baris": [
    {
      "bagian_transaksi_nol": 1.0,
      "bagian_volume_nol": 1.0,
      "berheader": true,
      "bulan": "2026-06",
      "byte_zip": 230354,
      "cacah_baris_cacat": 0,
      "cacah_lilin": 43200,
      "cacah_transaksi_nol": 43200,
      "cacah_volume_nol": 43200,
      "gagal_checksum": false,
      "gagal_unduh": false,
      "galat": null,
      "kepala": [
        "open_time",
        "open",
        "high",
        "low",
        "close",
        "volume",
        "close_time",
        "quote_volume",
        "count",
        "taker_buy_volume",
        "taker_buy_quote_volume",
        "ignore"
      ],
      "lolos_gerbang": true,
      "menit_hilang": 0,
      "pelanggaran": [],
      "peran": "uji",
      "simbol": "AGIXUSDT",
      "transaksi_total": 0,
      "volume_total": 0.0
    },
    {
      "bagian_transaksi_nol": 1.0,
      "bagian_volume_nol": 1.0,
      "berheader": true,
      "bulan": "2025-06",
      "byte_zip": 230371,
      "cacah_baris_cacat": 0,
      "cacah_lilin": 43200,
      "cacah_transaksi_nol": 43200,
      "cacah_volume_nol": 43200,
      "gagal_checksum": false,
      "gagal_unduh": false,
      "galat": null,
      "kepala": [
        "open_time",
        "open",
        "high",
        "low",
        "close",
        "volume",
        "close_time",
        "quote_volume",
        "count",
        "taker_buy_volume",
        "taker_buy_quote_volume",
        "ignore"
      ],
      "lolos_gerbang": true,
      "menit_hilang": 0,
      "pelanggaran": [],
      "peran": "kendali",
      "simbol": "AGIXUSDT",
      "transaksi_total": 0,
      "volume_total": 0.0
    },
    {
      "bagian_transaksi_nol": 1.0,
      "bagian_volume_nol": 1.0,
      "berheader": true,
      "bulan": "2026-06",
      "byte_zip": 232194,
      "cacah_baris_cacat": 0,
      "cacah_lilin": 43200,
      "cacah_transaksi_nol": 43200,
      "cacah_volume_nol": 43200,
      "gagal_checksum": false,
      "gagal_unduh": false,
      "galat": null,
      "kepala": [
        "open_time",
        "open",
        "high",
        "low",
        "close",
        "volume",
        "close_time",
        "quote_volume",
        "count",
        "taker_buy_volume",
        "taker_buy_quote_volume",
        "ignore"
      ],
      "lolos_gerbang": true,
      "menit_hilang": 0,
      "pelanggaran": [],
      "peran": "uji",
      "simbol": "ALPACAUSDT",
      "transaksi_total": 0,
      "volume_total": 0.0
    },
    {
      "bagian_transaksi_nol": 1.0,
      "bagian_volume_nol": 1.0,
      "berheader": true,
      "bulan": "2025-06",
      "byte_zip": 232214,
      "cacah_baris_cacat": 0,
      "cacah_lilin": 43200,
      "cacah_transaksi_nol": 43200,
      "cacah_volume_nol": 43200,
      "gagal_checksum": false,
      "gagal_unduh": false,
      "galat": null,
      "kepala": [
        "open_time",
        "open",
        "high",
        "low",
        "close",
        "volume",
        "close_time",
        "quote_volume",
        "count",
        "taker_buy_volume",
        "taker_buy_quote_volume",
        "ignore"
      ],
      "lolos_gerbang": true,
      "menit_hilang": 0,
      "pelanggaran": [],
      "peran": "kendali",
      "simbol": "ALPACAUSDT",
      "transaksi_total": 0,
      "volume_total": 0.0
    },
    {
      "bagian_transaksi_nol": 1.0,
      "bagian_volume_nol": 1.0,
      "berheader": true,
      "bulan": "2026-06",
      "byte_zip": 228845,
      "cacah_baris_cacat": 0,
      "cacah_lilin": 43200,
      "cacah_transaksi_nol": 43200,
      "cacah_volume_nol": 43200,
      "gagal_checksum": false,
      "gagal_unduh": false,
      "galat": null,
      "kepala": [
        "open_time",
        "open",
        "high",
        "low",
        "close",
        "volume",
        "close_time",
        "quote_volume",
        "count",
        "taker_buy_volume",
        "taker_buy_quote_volume",
        "ignore"
      ],
      "lolos_gerbang": true,
      "menit_hilang": 0,
      "pelanggaran": [],
      "peran": "uji",
      "simbol": "AMBUSDT",
      "transaksi_total": 0,
      "volume_total": 0.0
    },
    {
      "bagian_transaksi_nol": 1.0,
      "bagian_volume_nol": 1.0,
      "berheader": true,
      "bulan": "2025-06",
      "byte_zip": 228894,
      "cacah_baris_cacat": 0,
      "cacah_lilin": 43200,
      "cacah_transaksi_nol": 43200,
      "cacah_volume_nol": 43200,
      "gagal_checksum": false,
      "gagal_unduh": false,
      "galat": null,
      "kepala": [
        "open_time",
        "open",
        "high",
        "low",
        "close",
        "volume",
        "close_time",
        "quote_volume",
        "count",
        "taker_buy_volume",
        "taker_buy_quote_volume",
        "ignore"
      ],
      "lolos_gerbang": true,
      "menit_hilang": 0,
      "pelanggaran": [],
      "peran": "kendali",
      "simbol": "AMBUSDT",
      "transaksi_total": 0,
      "volume_total": 0.0
    },
    {
      "bagian_transaksi_nol": 1.0,
      "bagian_volume_nol": 1.0,
      "berheader": true,
      "bulan": "2026-06",
      "byte_zip": 233805,
      "cacah_baris_cacat": 0,
      "cacah_lilin": 43200,
      "cacah_transaksi_nol": 43200,
      "cacah_volume_nol": 43200,
      "gagal_checksum": false,
      "gagal_unduh": false,
      "galat": null,
      "kepala": [
        "open_time",
        "open",
        "high",
        "low",
        "close",
        "volume",
        "close_time",
        "quote_volume",
        "count",
        "taker_buy_volume",
        "taker_buy_quote_volume",
        "ignore"
      ],
      "lolos_gerbang": true,
      "menit_hilang": 0,
      "pelanggaran": [],
      "peran": "uji",
      "simbol": "BADGERUSDT",
      "transaksi_total": 0,
      "volume_total": 0.0
    },
    {
      "bagian_transaksi_nol": 1.0,
      "bagian_volume_nol": 1.0,
      "berheader": true,
      "bulan": "2025-06",
      "byte_zip": 233823,
      "cacah_baris_cacat": 0,
      "cacah_lilin": 43200,
      "cacah_transaksi_nol": 43200,
      "cacah_volume_nol": 43200,
      "gagal_checksum": false,
      "gagal_unduh": false,
      "galat": null,
      "kepala": [
        "open_time",
        "open",
        "high",
        "low",
        "close",
        "volume",
        "close_time",
        "quote_volume",
        "count",
        "taker_buy_volume",
        "taker_buy_quote_volume",
        "ignore"
      ],
      "lolos_gerbang": true,
      "menit_hilang": 0,
      "pelanggaran": [],
      "peran": "kendali",
      "simbol": "BADGERUSDT",
      "transaksi_total": 0,
      "volume_total": 0.0
    },
    {
      "bagian_transaksi_nol": 1.0,
      "bagian_volume_nol": 1.0,
      "berheader": true,
      "bulan": "2026-06",
      "byte_zip": 250256,
      "cacah_baris_cacat": 0,
      "cacah_lilin": 43200,
      "cacah_transaksi_nol": 43200,
      "cacah_volume_nol": 43200,
      "gagal_checksum": false,
      "gagal_unduh": false,
      "galat": null,
      "kepala": [
        "open_time",
        "open",
        "high",
        "low",
        "close",
        "volume",
        "close_time",
        "quote_volume",
        "count",
        "taker_buy_volume",
        "taker_buy_quote_volume",
        "ignore"
      ],
      "lolos_gerbang": true,
      "menit_hilang": 0,
      "pelanggaran": [],
      "peran": "uji",
      "simbol": "BALUSDT",
      "transaksi_total": 0,
      "volume_total": 0.0
    },
    {
      "bagian_transaksi_nol": 1.0,
      "bagian_volume_nol": 1.0,
      "berheader": true,
      "bulan": "2025-06",
      "byte_zip": 250353,
      "cacah_baris_cacat": 0,
      "cacah_lilin": 43200,
      "cacah_transaksi_nol": 43200,
      "cacah_volume_nol": 43200,
      "gagal_checksum": false,
      "gagal_unduh": false,
      "galat": null,
      "kepala": [
        "open_time",
        "open",
        "high",
        "low",
        "close",
        "volume",
        "close_time",
        "quote_volume",
        "count",
        "taker_buy_volume",
        "taker_buy_quote_volume",
        "ignore"
      ],
      "lolos_gerbang": true,
      "menit_hilang": 0,
      "pelanggaran": [],
      "peran": "kendali",
      "simbol": "BALUSDT",
      "transaksi_total": 0,
      "volume_total": 0.0
    },
    {
      "bagian_transaksi_nol": 1.0,
      "bagian_volume_nol": 1.0,
      "berheader": true,
      "bulan": "2026-06",
      "byte_zip": 228928,
      "cacah_baris_cacat": 0,
      "cacah_lilin": 43200,
      "cacah_transaksi_nol": 43200,
      "cacah_volume_nol": 43200,
      "gagal_checksum": false,
      "gagal_unduh": false,
      "galat": null,
      "kepala": [
        "open_time",
        "open",
        "high",
        "low",
        "close",
        "volume",
        "close_time",
        "quote_volume",
        "count",
        "taker_buy_volume",
        "taker_buy_quote_volume",
        "ignore"
      ],
      "lolos_gerbang": true,
      "menit_hilang": 0,
      "pelanggaran": [],
      "peran": "uji",
      "simbol": "BLZUSDT",
      "transaksi_total": 0,
      "volume_total": 0.0
    },
    {
      "bagian_transaksi_nol": 1.0,
      "bagian_volume_nol": 1.0,
      "berheader": true,
      "bulan": "2025-06",
      "byte_zip": 228946,
      "cacah_baris_cacat": 0,
      "cacah_lilin": 43200,
      "cacah_transaksi_nol": 43200,
      "cacah_volume_nol": 43200,
      "gagal_checksum": false,
      "gagal_unduh": false,
      "galat": null,
      "kepala": [
        "open_time",
        "open",
        "high",
        "low",
        "close",
        "volume",
        "close_time",
        "quote_volume",
        "count",
        "taker_buy_volume",
        "taker_buy_quote_volume",
        "ignore"
      ],
      "lolos_gerbang": true,
      "menit_hilang": 0,
      "pelanggaran": [],
      "peran": "kendali",
      "simbol": "BLZUSDT",
      "transaksi_total": 0,
      "volume_total": 0.0
    },
    {
      "bagian_transaksi_nol": 1.0,
      "bagian_volume_nol": 1.0,
      "berheader": true,
      "bulan": "2026-06",
      "byte_zip": 234193,
      "cacah_baris_cacat": 0,
      "cacah_lilin": 43200,
      "cacah_transaksi_nol": 43200,
      "cacah_volume_nol": 43200,
      "gagal_checksum": false,
      "gagal_unduh": false,
      "galat": null,
      "kepala": [
        "open_time",
        "open",
        "high",
        "low",
        "close",
        "volume",
        "close_time",
        "quote_volume",
        "count",
        "taker_buy_volume",
        "taker_buy_quote_volume",
        "ignore"
      ],
      "lolos_gerbang": true,
      "menit_hilang": 0,
      "pelanggaran": [],
      "peran": "uji",
      "simbol": "BNXUSDT",
      "transaksi_total": 0,
      "volume_total": 0.0
    },
    {
      "bagian_transaksi_nol": 1.0,
      "bagian_volume_nol": 1.0,
      "berheader": true,
      "bulan": "2025-06",
      "byte_zip": 234212,
      "cacah_baris_cacat": 0,
      "cacah_lilin": 43200,
      "cacah_transaksi_nol": 43200,
      "cacah_volume_nol": 43200,
      "gagal_checksum": false,
      "gagal_unduh": false,
      "galat": null,
      "kepala": [
        "open_time",
        "open",
        "high",
        "low",
        "close",
        "volume",
        "close_time",
        "quote_volume",
        "count",
        "taker_buy_volume",
        "taker_buy_quote_volume",
        "ignore"
      ],
      "lolos_gerbang": true,
      "menit_hilang": 0,
      "pelanggaran": [],
      "peran": "kendali",
      "simbol": "BNXUSDT",
      "transaksi_total": 0,
      "volume_total": 0.0
    },
    {
      "bagian_transaksi_nol": 1.0,
      "bagian_volume_nol": 1.0,
      "berheader": true,
      "bulan": "2026-06",
      "byte_zip": 234047,
      "cacah_baris_cacat": 0,
      "cacah_lilin": 43200,
      "cacah_transaksi_nol": 43200,
      "cacah_volume_nol": 43200,
      "gagal_checksum": false,
      "gagal_unduh": false,
      "galat": null,
      "kepala": [
        "open_time",
        "open",
        "high",
        "low",
        "close",
        "volume",
        "close_time",
        "quote_volume",
        "count",
        "taker_buy_volume",
        "taker_buy_quote_volume",
        "ignore"
      ],
      "lolos_gerbang": true,
      "menit_hilang": 0,
      "pelanggaran": [],
      "peran": "uji",
      "simbol": "BONDUSDT",
      "transaksi_total": 0,
      "volume_total": 0.0
    },
    {
      "bagian_transaksi_nol": 1.0,
      "bagian_volume_nol": 1.0,
      "berheader": true,
      "bulan": "2025-06",
      "byte_zip": 234053,
      "cacah_baris_cacat": 0,
      "cacah_lilin": 43200,
      "cacah_transaksi_nol": 43200,
      "cacah_volume_nol": 43200,
      "gagal_checksum": false,
      "gagal_unduh": false,
      "galat": null,
      "kepala": [
        "open_time",
        "open",
        "high",
        "low",
        "close",
        "volume",
        "close_time",
        "quote_volume",
        "count",
        "taker_buy_volume",
        "taker_buy_quote_volume",
        "ignore"
      ],
      "lolos_gerbang": true,
      "menit_hilang": 0,
      "pelanggaran": [],
      "peran": "kendali",
      "simbol": "BONDUSDT",
      "transaksi_total": 0,
      "volume_total": 0.0
    },
    {
      "bagian_transaksi_nol": 1.0,
      "bagian_volume_nol": 1.0,
      "berheader": true,
      "bulan": "2026-06",
      "byte_zip": 232192,
      "cacah_baris_cacat": 0,
      "cacah_lilin": 43200,
      "cacah_transaksi_nol": 43200,
      "cacah_volume_nol": 43200,
      "gagal_checksum": false,
      "gagal_unduh": false,
      "galat": null,
      "kepala": [
        "open_time",
        "open",
        "high",
        "low",
        "close",
        "volume",
        "close_time",
        "quote_volume",
        "count",
        "taker_buy_volume",
        "taker_buy_quote_volume",
        "ignore"
      ],
      "lolos_gerbang": true,
      "menit_hilang": 0,
      "pelanggaran": [],
      "peran": "uji",
      "simbol": "COMBOUSDT",
      "transaksi_total": 0,
      "volume_total": 0.0
    },
    {
      "bagian_transaksi_nol": 1.0,
      "bagian_volume_nol": 1.0,
      "berheader": true,
      "bulan": "2025-06",
      "byte_zip": 232247,
      "cacah_baris_cacat": 0,
      "cacah_lilin": 43200,
      "cacah_transaksi_nol": 43200,
      "cacah_volume_nol": 43200,
      "gagal_checksum": false,
      "gagal_unduh": false,
      "galat": null,
      "kepala": [
        "open_time",
        "open",
        "high",
        "low",
        "close",
        "volume",
        "close_time",
        "quote_volume",
        "count",
        "taker_buy_volume",
        "taker_buy_quote_volume",
        "ignore"
      ],
      "lolos_gerbang": true,
      "menit_hilang": 0,
      "pelanggaran": [],
      "peran": "kendali",
      "simbol": "COMBOUSDT",
      "transaksi_total": 0,
      "volume_total": 0.0
    },
    {
      "bagian_transaksi_nol": 1.0,
      "bagian_volume_nol": 1.0,
      "berheader": true,
      "bulan": "2026-06",
      "byte_zip": 232626,
      "cacah_baris_cacat": 0,
      "cacah_lilin": 43200,
      "cacah_transaksi_nol": 43200,
      "cacah_volume_nol": 43200,
      "gagal_checksum": false,
      "gagal_unduh": false,
      "galat": null,
      "kepala": [
        "open_time",
        "open",
        "high",
        "low",
        "close",
        "volume",
        "close_time",
        "quote_volume",
        "count",
        "taker_buy_volume",
        "taker_buy_quote_volume",
        "ignore"
      ],
      "lolos_gerbang": true,
      "menit_hilang": 0,
      "pelanggaran": [],
      "peran": "uji",
      "simbol": "DARUSDT",
      "transaksi_total": 0,
      "volume_total": 0.0
    },
    {
      "bagian_transaksi_nol": 1.0,
      "bagian_volume_nol": 1.0,
      "berheader": true,
      "bulan": "2025-06",
      "byte_zip": 232636,
      "cacah_baris_cacat": 0,
      "cacah_lilin": 43200,
      "cacah_transaksi_nol": 43200,
      "cacah_volume_nol": 43200,
      "gagal_checksum": false,
      "gagal_unduh": false,
      "galat": null,
      "kepala": [
        "open_time",
        "open",
        "high",
        "low",
        "close",
        "volume",
        "close_time",
        "quote_volume",
        "count",
        "taker_buy_volume",
        "taker_buy_quote_volume",
        "ignore"
      ],
      "lolos_gerbang": true,
      "menit_hilang": 0,
      "pelanggaran": [],
      "peran": "kendali",
      "simbol": "DARUSDT",
      "transaksi_total": 0,
      "volume_total": 0.0
    },
    {
      "bagian_transaksi_nol": 0.0,
      "bagian_volume_nol": 0.0,
      "berheader": true,
      "bulan": "2026-06",
      "byte_zip": 1838455,
      "cacah_baris_cacat": 0,
      "cacah_lilin": 43200,
      "cacah_transaksi_nol": 0,
      "cacah_volume_nol": 0,
      "gagal_checksum": false,
      "gagal_unduh": false,
      "galat": null,
      "kepala": [
        "open_time",
        "open",
        "high",
        "low",
        "close",
        "volume",
        "close_time",
        "quote_volume",
        "count",
        "taker_buy_volume",
        "taker_buy_quote_volume",
        "ignore"
      ],
      "lolos_gerbang": true,
      "menit_hilang": 0,
      "pelanggaran": [],
      "peran": "kendali_hidup",
      "simbol": "BTCUSDT",
      "transaksi_total": 146729925,
      "volume_total": 6082397.95899999
    },
    {
      "bagian_transaksi_nol": 0.0,
      "bagian_volume_nol": 0.0,
      "berheader": true,
      "bulan": "2025-06",
      "byte_zip": 1817901,
      "cacah_baris_cacat": 0,
      "cacah_lilin": 43200,
      "cacah_transaksi_nol": 0,
      "cacah_volume_nol": 0,
      "gagal_checksum": false,
      "gagal_unduh": false,
      "galat": null,
      "kepala": [
        "open_time",
        "open",
        "high",
        "low",
        "close",
        "volume",
        "close_time",
        "quote_volume",
        "count",
        "taker_buy_volume",
        "taker_buy_quote_volume",
        "ignore"
      ],
      "lolos_gerbang": true,
      "menit_hilang": 0,
      "pelanggaran": [],
      "peran": "kendali_hidup",
      "simbol": "BTCUSDT",
      "transaksi_total": 79684576,
      "volume_total": 4489492.34699999
    },
    {
      "bagian_transaksi_nol": 0.0,
      "bagian_volume_nol": 0.0,
      "berheader": true,
      "bulan": "2026-06",
      "byte_zip": 1875936,
      "cacah_baris_cacat": 0,
      "cacah_lilin": 43200,
      "cacah_transaksi_nol": 0,
      "cacah_volume_nol": 0,
      "gagal_checksum": false,
      "gagal_unduh": false,
      "galat": null,
      "kepala": [
        "open_time",
        "open",
        "high",
        "low",
        "close",
        "volume",
        "close_time",
        "quote_volume",
        "count",
        "taker_buy_volume",
        "taker_buy_quote_volume",
        "ignore"
      ],
      "lolos_gerbang": true,
      "menit_hilang": 0,
      "pelanggaran": [],
      "peran": "kendali_hidup",
      "simbol": "ETHUSDT",
      "transaksi_total": 210273595,
      "volume_total": 159817199.60700095
    },
    {
      "bagian_transaksi_nol": 0.0,
      "bagian_volume_nol": 0.0,
      "berheader": true,
      "bulan": "2025-06",
      "byte_zip": 1904828,
      "cacah_baris_cacat": 0,
      "cacah_lilin": 43200,
      "cacah_transaksi_nol": 0,
      "cacah_volume_nol": 0,
      "gagal_checksum": false,
      "gagal_unduh": false,
      "galat": null,
      "kepala": [
        "open_time",
        "open",
        "high",
        "low",
        "close",
        "volume",
        "close_time",
        "quote_volume",
        "count",
        "taker_buy_volume",
        "taker_buy_quote_volume",
        "ignore"
      ],
      "lolos_gerbang": true,
      "menit_hilang": 0,
      "pelanggaran": [],
      "peran": "kendali_hidup",
      "simbol": "ETHUSDT",
      "transaksi_total": 147775286,
      "volume_total": 178586573.95400107
    }
  ],
  "batas_simbol": 10,
  "bulan_kendali": "2025-06",
  "bulan_klines_terakhir": [
    {
      "bulan_klines_terakhir": "2026-06",
      "simbol": "AGIXUSDT"
    },
    {
      "bulan_klines_terakhir": "2026-06",
      "simbol": "ALPACAUSDT"
    },
    {
      "bulan_klines_terakhir": "2026-06",
      "simbol": "AMBUSDT"
    },
    {
      "bulan_klines_terakhir": "2026-06",
      "simbol": "BADGERUSDT"
    },
    {
      "bulan_klines_terakhir": "2026-06",
      "simbol": "BALUSDT"
    },
    {
      "bulan_klines_terakhir": "2026-06",
      "simbol": "BLZUSDT"
    },
    {
      "bulan_klines_terakhir": "2026-06",
      "simbol": "BNXUSDT"
    },
    {
      "bulan_klines_terakhir": "2026-06",
      "simbol": "BONDUSDT"
    },
    {
      "bulan_klines_terakhir": "2026-06",
      "simbol": "COMBOUSDT"
    },
    {
      "bulan_klines_terakhir": "2026-06",
      "simbol": "DARUSDT"
    }
  ],
  "bulan_mulai_kohort": "2025-07",
  "cacah_simbol_kohort": 38,
  "catatan_bukan_bukti": "laporan ini diagnostik: ia TIDAK menjatuhkan simbol-bulan mana pun dan TIDAK menulis funding_ada di manifes mana pun",
  "catatan_kendali_hidup": "KENDALI_HIDUP bukan pembanding pasar melainkan penguji pembaca CSV modul ini sendiri: bila simbol yang pasti diperdagangkan pun terbaca kosong, yang cacat adalah kode, bukan arsip",
  "catatan_penggugur": "parser_terbukti == false berarti pembaca CSV modul ini tidak terbukti membaca kolom volume dan transaksi dengan benar, sehingga SELURUH klaim kekosongan di laporan ini batal; galat_kohort != null berarti daftar anggota tidak terbaca dan seluruh laporan batal; kendali_sah == false berarti pembanding tidak lengkap; cacah_gagal_checksum != 0 berarti berkas yang diukur tidak terbukti asli; cacah_uji_bulan_bukan_diharapkan != 0 berarti bulan ekor bukan 2026-06 dan perbandingannya dengan jurnal terdahulu tidak sah (aturan 24)",
  "catatan_rentang": "hasil berlaku untuk simbol yang benar-benar disampel saja dan tidak boleh digeneralkan ke seluruh kohort tanpa pengukuran lanjutan (aturan 20)",
  "catatan_satuan": "cacah_* bersatuan SIMBOL-BULAN kecuali cacah_lilin yang bersatuan LILIN; bagian_* adalah BAGIAN antara 0 dan 1, bukan persen (aturan 47)",
  "catatan_tafsir": "VERSI 1 menemukan bulan uji DAN bulan kendali sama-sama kosong, padahal berkas funding bulan kendali terbukti ada; karena itu kekosongan klines tidak berimpit dengan lubang funding dan TIDAK dapat memisahkan delisting dari cacat arsip. Angka di laporan ini menggambarkan isi arsip, bukan sebab lubang funding",
  "galat_kohort": null,
  "ringkasan": {
    "cacah_baris_cacat": 0,
    "cacah_gagal_checksum": 0,
    "cacah_gagal_unduh": 0,
    "cacah_kendali_diminta": 10,
    "cacah_kendali_hidup_diminta": 4,
    "cacah_kendali_hidup_ramai": 4,
    "cacah_kendali_hidup_terambil": 4,
    "cacah_kendali_lolos_gerbang": 10,
    "cacah_kendali_sepi": 10,
    "cacah_kendali_terambil": 10,
    "cacah_uji_bulan_bukan_diharapkan": 0,
    "cacah_uji_diminta": 10,
    "cacah_uji_lolos_gerbang": 10,
    "cacah_uji_sepi": 10,
    "cacah_uji_terambil": 10,
    "kendali_sah": true,
    "parser_terbukti": true
  },
  "sidik_kode": "35cddef9b595a9c19c9780ceee862ed404e8660c248f14ec43eb31955c04228e",
  "simbol_disampel": [
    "AGIXUSDT",
    "ALPACAUSDT",
    "AMBUSDT",
    "BADGERUSDT",
    "BALUSDT",
    "BLZUSDT",
    "BNXUSDT",
    "BONDUSDT",
    "COMBOUSDT",
    "DARUSDT"
  ],
  "simbol_kendali_hidup": [
    "BTCUSDT",
    "ETHUSDT"
  ],
  "sumber_kohort": "reports/funding_semesta.json",
  "versi_kohort_ekor": 2
}
