{
  "bukan_bukti": false,
  "byte_parquet_karantina_total": 1092785,
  "byte_parquet_total": 3875340889,
  "byte_zip_total": 3142104614,
  "cacah_gagal_checksum": 0,
  "cacah_gagal_unduh": 0,
  "cacah_karantina": 1,
  "cacah_parquet_ditulis": 2337,
  "cacah_parquet_tak_terkemas": 0,
  "cacah_simbol_bulan_dengan_baris_dibuang": 0,
  "catatan_bulan_parsial": "bulan pertama dan terakhir tiap simbol PARSIAL; rerata baris per bulan dilarang dikalikan begitu saja (aturan 28)",
  "catatan_parquet": "parquet dialirkan ke tar terbelah <=1,8 GB lalu diunggah sebagai aset rilis; parquet_dipersistenkan true HANYA bila tiap tar dibaca ulang, sha256-nya cocok, dan cacah anggotanya sama dengan cacah berkas yang dikemas (aturan 24). cacah_parquet_tak_terkemas != 0 berarti ada parquet yang lenyap antara penulisan dan pengemasan",
  "catatan_rentang": "hasil berlaku untuk pecahan 7 dari 8 saja, bukan untuk 19.598 bulan perpetual_usdt (aturan 20)",
  "daftar_karantina": [
    {
      "baris": 43965,
      "bulan": "2026-01",
      "checksum_zip_sha256": "d4429e5097a1db4af941d9928edb201601ae6d26da6b74c4af3f318d51ffadf6",
      "parquet_karantina": "data/parquet_karantina/AIAUSDT/AIAUSDT-1m-2026-01.parquet",
      "pelanggaran": [
        "jarak_60_detik",
        "tanpa_menit_hilang"
      ],
      "simbol": "AIAUSDT"
    }
  ],
  "gerbang": {
    "baris_diperiksa": 100317358,
    "contoh_gagal": [
      {
        "bulan": "2026-01",
        "pelanggaran": [
          "tanpa_menit_hilang",
          "jarak_60_detik"
        ],
        "simbol": "AIAUSDT"
      }
    ],
    "pelanggaran_per_klausa": {
      "deret_tidak_kosong": 0,
      "jarak_60_detik": 1,
      "satuan_milidetik": 0,
      "selaras_menit": 0,
      "tanpa_duplikat": 0,
      "tanpa_menit_hilang": 1
    },
    "persen_lolos": 99.96,
    "simbol_bulan_dinilai": 2338,
    "simbol_bulan_gagal": 1,
    "simbol_bulan_lolos": 2337,
    "slot_diperiksa": 100318033
  },
  "jenis_instrumen_unik": [
    "perpetual_usdt"
  ],
  "jumlah_baris": 100317358,
  "jumlah_baris_dibuang": 0,
  "karantina": {
    "batas_daftar": 500,
    "byte_parquet_karantina": 1092785,
    "cacah_dibuang": 0,
    "cacah_ditambal": 0,
    "cacah_karantina": 1,
    "cacah_tak_terunduh": 0,
    "catatan_penggugur": "cacah_dibuang atau cacah_ditambal tidak nol berarti ADR-A006 dilanggar; interpolasi, forward-fill, dan penurunan ambang gerbang DILARANG (aturan 23, 24)",
    "daftar_karantina": [
      {
        "baris": 43965,
        "bulan": "2026-01",
        "checksum_zip_sha256": "d4429e5097a1db4af941d9928edb201601ae6d26da6b74c4af3f318d51ffadf6",
        "parquet_karantina": "data/parquet_karantina/AIAUSDT/AIAUSDT-1m-2026-01.parquet",
        "pelanggaran": [
          "jarak_60_detik",
          "tanpa_menit_hilang"
        ],
        "simbol": "AIAUSDT"
      }
    ],
    "daftar_terpotong": false,
    "kebijakan": "ADR-A006: disisihkan, bukan dibuang dan bukan ditambal"
  },
  "kelas_risiko_kosong": [
    "non_ascii"
  ],
  "kelas_risiko_tersentuh": {
    "bulan_awal_2020_2021": 241,
    "kendali_baru": 1178,
    "non_ascii": 0,
    "pra_header": 248,
    "terhenti": 119
  },
  "mengemas": true,
  "nisbah_parquet_per_zip": 1.2334,
  "parquet_dipersistenkan": false,
  "pecahan": {
    "cacah_simbol": 98,
    "cacah_simbol_gagal_daftar": 0,
    "contoh_gagal_daftar": [],
    "indeks": 7,
    "total": 8
  },
  "penyebut": {
    "simbol_bulan_diminta": 2338,
    "simbol_bulan_terunduh": 2338
  },
  "rilis": {
    "bagian": [
      {
        "byte": 1800417280,
        "byte_taksir": 1799349248,
        "byte_taksir_dibulatkan": 1799372800,
        "cacah_berkas": 1041,
        "jalur": "data/rilis/pecahan_7.part01.tar",
        "melebihi_batas": true,
        "nama": "pecahan_7.part01.tar",
        "sha256": "dadbe7267b1ee229ff3acdf89ef811b1b3b204762dea08cab1f3f33940fefa6e",
        "taksiran_terlampaui": true
      },
      {
        "byte": 1800919040,
        "byte_taksir": 1799752704,
        "byte_taksir_dibulatkan": 1799782400,
        "cacah_berkas": 1136,
        "jalur": "data/rilis/pecahan_7.part02.tar",
        "melebihi_batas": true,
        "nama": "pecahan_7.part02.tar",
        "sha256": "5f193828d8b972a0da86dc2a4312a734d23714c468220f4a5b08f2b1b06a2782",
        "taksiran_terlampaui": true
      },
      {
        "byte": 278190080,
        "byte_taksir": 278024192,
        "byte_taksir_dibulatkan": 278046720,
        "cacah_berkas": 160,
        "jalur": "data/rilis/pecahan_7.part03.tar",
        "melebihi_batas": false,
        "nama": "pecahan_7.part03.tar",
        "sha256": "98b4b432ef86ccba4e92f92d7a7209f276a1049f1d0b2ad63961f638b4b0ea12",
        "taksiran_terlampaui": true
      }
    ],
    "batas_byte": 1800000000,
    "berkas_sums": "data/rilis/SHA256SUMS",
    "byte_anggota_total": 3875340889,
    "byte_bagian_total": 3879526400,
    "cacah_bagian": 3,
    "cacah_bagian_melebihi_batas": 2,
    "cacah_bagian_taksiran_terlampaui": 3,
    "cacah_berkas": 2337,
    "cacah_berkas_hilang": 0,
    "cacah_berkas_melebihi_batas": 0,
    "catatan_kompresi": "tar tanpa gzip: parquet sudah terkompresi, jadi nisbah bagian per anggota mendekati 1 dan selisihnya adalah bantalan 512 byte per anggota, pembulatan rekam 10.240 byte, dan margin 20.480 byte",
    "catatan_penggugur": "cacah_bagian_melebihi_batas > 0 berarti ada aset yang akan ditolak batas 2 GB rilis GitHub; cacah_bagian_taksiran_terlampaui > 0 berarti model ukuran lebih kecil daripada tar nyata dan tidak boleh dipercaya; cacah_berkas_hilang > 0 berarti manifes menyebut parquet yang tidak ada di cakram. Ketiganya membatalkan klaim persistensi (aturan 24)",
    "margin_rekam": 20480,
    "nama_dasar": "pecahan_7",
    "nisbah_bagian_per_anggota": 1.00108,
    "rekam_tar": 10240,
    "status": "TERKEMAS"
  },
  "selisih_cacah_bulan": {
    "cacah_simbol_berselisih": 0,
    "catatan": "daftar bulan diambil dari arsip; cacah_bulan di semesta_rentang.json berasal dari survei terdahulu. Selisih dicatat, tidak dibulatkan hilang (aturan 36).",
    "contoh": []
  },
  "sidik_data": "6128fbb0ceac0c8e5dfbfefd2bd9e49c66aa77af15d4b0082243a8f7f7e43806",
  "sidik_kode": "cbd4655169a366b2e06aa4fc3de23e3b74c23fd99a37eeaad180dac24199864d",
  "status": "TERUKUR",
  "sumber_rentang": "reports/semesta_rentang.json",
  "verifikasi_rilis": {
    "anggota_cocok": true,
    "cacah_anggota_diharap": 2337,
    "cacah_anggota_terbaca": 2337,
    "cacah_bagian_hilang": 0,
    "cacah_sha_cocok": 3,
    "cacah_sha_tak_cocok": 0,
    "nama_bagian_hilang": [],
    "nama_sha_tak_cocok": [],
    "sah": false
  },
  "versi_pecahan": 3,
  "waktu_utc": "2026-07-28T17:02:16Z"
}
