{
  "bukan_bukti": false,
  "byte_parquet_karantina_total": 837910,
  "byte_parquet_total": 4199469659,
  "byte_zip_total": 3406744121,
  "cacah_gagal_checksum": 0,
  "cacah_gagal_unduh": 0,
  "cacah_karantina": 1,
  "cacah_parquet_ditulis": 2496,
  "cacah_parquet_tak_terkemas": 0,
  "cacah_simbol_bulan_dengan_baris_dibuang": 0,
  "catatan_bulan_parsial": "bulan pertama dan terakhir tiap simbol PARSIAL; rerata baris per bulan dilarang dikalikan begitu saja (aturan 28)",
  "catatan_parquet": "parquet dialirkan ke tar terbelah <=1,8 GB lalu diunggah sebagai aset rilis; parquet_dipersistenkan true HANYA bila tiap tar dibaca ulang, sha256-nya cocok, dan cacah anggotanya sama dengan cacah berkas yang dikemas (aturan 24). cacah_parquet_tak_terkemas != 0 berarti ada parquet yang lenyap antara penulisan dan pengemasan",
  "catatan_rentang": "hasil berlaku untuk pecahan 4 dari 8 saja, bukan untuk 19.598 bulan perpetual_usdt (aturan 20)",
  "daftar_karantina": [
    {
      "baris": 43590,
      "bulan": "2025-12",
      "checksum_zip_sha256": "bae610ec185a70f19fbfb9b0a420a7fef86c60e5dd3a20000eab4769a75c2793",
      "parquet_karantina": "data/parquet_karantina/LITUSDT/LITUSDT-1m-2025-12.parquet",
      "pelanggaran": [
        "jarak_60_detik",
        "tanpa_menit_hilang"
      ],
      "simbol": "LITUSDT"
    }
  ],
  "gerbang": {
    "baris_diperiksa": 106865397,
    "contoh_gagal": [
      {
        "bulan": "2025-12",
        "pelanggaran": [
          "tanpa_menit_hilang",
          "jarak_60_detik"
        ],
        "simbol": "LITUSDT"
      }
    ],
    "pelanggaran_per_klausa": {
      "deret_tidak_kosong": 0,
      "jarak_60_detik": 1,
      "satuan_milidetik": 0,
      "selaras_menit": 0,
      "tanpa_duplikat": 0,
      "tanpa_menit_hilang": 1
    },
    "persen_lolos": 99.96,
    "simbol_bulan_dinilai": 2497,
    "simbol_bulan_gagal": 1,
    "simbol_bulan_lolos": 2496,
    "slot_diperiksa": 106866447
  },
  "jenis_instrumen_unik": [
    "perpetual_usdt"
  ],
  "jumlah_baris": 106865397,
  "jumlah_baris_dibuang": 0,
  "karantina": {
    "batas_daftar": 500,
    "byte_parquet_karantina": 837910,
    "cacah_dibuang": 0,
    "cacah_ditambal": 0,
    "cacah_karantina": 1,
    "cacah_tak_terunduh": 0,
    "catatan_penggugur": "cacah_dibuang atau cacah_ditambal tidak nol berarti ADR-A006 dilanggar; interpolasi, forward-fill, dan penurunan ambang gerbang DILARANG (aturan 23, 24)",
    "daftar_karantina": [
      {
        "baris": 43590,
        "bulan": "2025-12",
        "checksum_zip_sha256": "bae610ec185a70f19fbfb9b0a420a7fef86c60e5dd3a20000eab4769a75c2793",
        "parquet_karantina": "data/parquet_karantina/LITUSDT/LITUSDT-1m-2025-12.parquet",
        "pelanggaran": [
          "jarak_60_detik",
          "tanpa_menit_hilang"
        ],
        "simbol": "LITUSDT"
      }
    ],
    "daftar_terpotong": false,
    "kebijakan": "ADR-A006: disisihkan, bukan dibuang dan bukan ditambal"
  },
  "kelas_risiko_kosong": [
    "non_ascii"
  ],
  "kelas_risiko_tersentuh": {
    "bulan_awal_2020_2021": 296,
    "kendali_baru": 1227,
    "non_ascii": 0,
    "pra_header": 308,
    "terhenti": 119
  },
  "mengemas": true,
  "nisbah_parquet_per_zip": 1.2327,
  "parquet_dipersistenkan": true,
  "pecahan": {
    "cacah_simbol": 98,
    "cacah_simbol_gagal_daftar": 0,
    "contoh_gagal_daftar": [],
    "indeks": 4,
    "total": 8
  },
  "penyebut": {
    "simbol_bulan_diminta": 2497,
    "simbol_bulan_terunduh": 2497
  },
  "rilis": {
    "bagian": [
      {
        "byte": 1798686720,
        "byte_taksir": 1798684160,
        "byte_taksir_dibulatkan": 1798707200,
        "cacah_berkas": 1004,
        "jalur": "data/rilis/pecahan_4.part01.tar",
        "melebihi_batas": false,
        "nama": "pecahan_4.part01.tar",
        "sha256": "269f5d1846e3e94aa5ea9f21e8908f13bc33ba5ba7e211a711ec59cc7f9553e7",
        "taksiran_terlampaui": false
      },
      {
        "byte": 1798584320,
        "byte_taksir": 1798576640,
        "byte_taksir_dibulatkan": 1798604800,
        "cacah_berkas": 1088,
        "jalur": "data/rilis/pecahan_4.part02.tar",
        "melebihi_batas": false,
        "nama": "pecahan_4.part02.tar",
        "sha256": "c385e82a46b3d7d0e607b161fedb217995a919567ee35148d1044cc56ef1a1cf",
        "taksiran_terlampaui": false
      },
      {
        "byte": 606679040,
        "byte_taksir": 606678016,
        "byte_taksir_dibulatkan": 606699520,
        "cacah_berkas": 404,
        "jalur": "data/rilis/pecahan_4.part03.tar",
        "melebihi_batas": false,
        "nama": "pecahan_4.part03.tar",
        "sha256": "465b21f81626f88ac577fc817edc8a506d4c3bc288ef5aec6ba92e5c81e1fd92",
        "taksiran_terlampaui": false
      }
    ],
    "batas_byte": 1800000000,
    "berkas_sums": "data/rilis/SHA256SUMS",
    "byte_anggota_total": 4199469659,
    "byte_bagian_total": 4203950080,
    "cacah_bagian": 3,
    "cacah_bagian_melebihi_batas": 0,
    "cacah_bagian_taksiran_terlampaui": 0,
    "cacah_berkas": 2496,
    "cacah_berkas_hilang": 0,
    "cacah_berkas_melebihi_batas": 0,
    "catatan_kompresi": "tar tanpa gzip: parquet sudah terkompresi, jadi nisbah bagian per anggota mendekati 1 dan selisihnya adalah kepala 1.536 byte per anggota (termasuk pax 1.024), pembulatan rekam 10.240 byte, dan margin 20.480 byte",
    "catatan_penggugur": "cacah_bagian_melebihi_batas > 0 berarti ada aset yang akan ditolak batas 2 GB rilis GitHub; cacah_bagian_taksiran_terlampaui > 0 berarti model ukuran lebih kecil daripada tar nyata dan tidak boleh dipercaya; cacah_berkas_hilang > 0 berarti manifes menyebut parquet yang tidak ada di cakram. Ketiganya membatalkan klaim persistensi (aturan 24)",
    "kepala_anggota": 1536,
    "margin_rekam": 20480,
    "nama_dasar": "pecahan_4",
    "nisbah_bagian_per_anggota": 1.001067,
    "rekam_tar": 10240,
    "status": "TERKEMAS"
  },
  "selisih_cacah_bulan": {
    "cacah_simbol_berselisih": 0,
    "catatan": "daftar bulan diambil dari arsip; cacah_bulan di semesta_rentang.json berasal dari survei terdahulu. Selisih dicatat, tidak dibulatkan hilang (aturan 36).",
    "contoh": []
  },
  "sidik_data": "6128fbb0ceac0c8e5dfbfefd2bd9e49c66aa77af15d4b0082243a8f7f7e43806",
  "sidik_kode": "32f427b362ccb5ef97dfa38cd42c5e75576ac5baf5ffbf7de0c19f8b96b2cdd8",
  "status": "TERUKUR",
  "sumber_rentang": "reports/semesta_rentang.json",
  "verifikasi_rilis": {
    "anggota_cocok": true,
    "cacah_anggota_diharap": 2496,
    "cacah_anggota_terbaca": 2496,
    "cacah_bagian_hilang": 0,
    "cacah_sha_cocok": 3,
    "cacah_sha_tak_cocok": 0,
    "nama_bagian_hilang": [],
    "nama_sha_tak_cocok": [],
    "sah": true
  },
  "versi_pecahan": 4,
  "waktu_utc": "2026-07-28T18:35:39Z"
}
