{
  "bukan_bukti": false,
  "byte_parquet_karantina_total": 0,
  "byte_parquet_total": 4574062521,
  "byte_zip_total": 3706400014,
  "cacah_gagal_checksum": 0,
  "cacah_gagal_unduh": 0,
  "cacah_karantina": 0,
  "cacah_karantina_tak_terkemas": 0,
  "cacah_parquet_ditulis": 2741,
  "cacah_parquet_karantina_ditulis": 0,
  "cacah_parquet_tak_terkemas": 0,
  "cacah_simbol_bulan_dengan_baris_dibuang": 0,
  "catatan_bulan_parsial": "bulan pertama dan terakhir tiap simbol PARSIAL; rerata baris per bulan dilarang dikalikan begitu saja (aturan 28)",
  "catatan_karantina_persistensi": "KC-17: sampai VERSI 5 parquet karantina diukur lalu lenyap bersama runner. Sejak VERSI 6 ia dikemas ke tar terpisah dengan berkas sidik SHA256SUMS_KARANTINA. cacah_karantina_tak_terkemas != 0 berarti cacat itu kambuh. Pecahan tanpa karantina melaporkan rilis_karantina null dan karantina_dipersistenkan true dengan penyebut nol — itu BUKAN bukti pengemas karantina bekerja (aturan 30, 41)",
  "catatan_parquet": "parquet dialirkan ke tar terbelah <=1,8 GB lalu diunggah sebagai aset rilis; parquet_dipersistenkan true HANYA bila tiap tar dibaca ulang, sha256-nya cocok, dan cacah anggotanya sama dengan cacah berkas yang dikemas (aturan 24). cacah_parquet_tak_terkemas != 0 berarti ada parquet yang lenyap antara penulisan dan pengemasan",
  "catatan_rentang": "hasil berlaku untuk pecahan 5 dari 8 saja, bukan untuk 19.598 bulan perpetual_usdt (aturan 20)",
  "daftar_karantina": [],
  "gerbang": {
    "baris_diperiksa": 117671896,
    "contoh_gagal": [],
    "pelanggaran_per_klausa": {
      "deret_tidak_kosong": 0,
      "jarak_60_detik": 0,
      "satuan_milidetik": 0,
      "selaras_menit": 0,
      "tanpa_duplikat": 0,
      "tanpa_menit_hilang": 0
    },
    "persen_lolos": 100.0,
    "simbol_bulan_dinilai": 2741,
    "simbol_bulan_gagal": 0,
    "simbol_bulan_lolos": 2741,
    "slot_diperiksa": 117671896
  },
  "jenis_instrumen_unik": [
    "perpetual_usdt"
  ],
  "jumlah_baris": 117671896,
  "jumlah_baris_dibuang": 0,
  "karantina": {
    "batas_daftar": 500,
    "byte_parquet_karantina": 0,
    "cacah_dibuang": 0,
    "cacah_ditambal": 0,
    "cacah_karantina": 0,
    "cacah_tak_terunduh": 0,
    "catatan_penggugur": "cacah_dibuang atau cacah_ditambal tidak nol berarti ADR-A006 dilanggar; interpolasi, forward-fill, dan penurunan ambang gerbang DILARANG (aturan 23, 24)",
    "daftar_karantina": [],
    "daftar_terpotong": false,
    "kebijakan": "ADR-A006: disisihkan, bukan dibuang dan bukan ditambal"
  },
  "karantina_dipersistenkan": true,
  "kelas_risiko_kosong": [
    "non_ascii"
  ],
  "kelas_risiko_tersentuh": {
    "bulan_awal_2020_2021": 297,
    "kendali_baru": 1307,
    "non_ascii": 0,
    "pra_header": 305,
    "terhenti": 21
  },
  "mengemas": true,
  "nisbah_parquet_per_zip": 1.2341,
  "parquet_dipersistenkan": true,
  "pecahan": {
    "cacah_simbol": 98,
    "cacah_simbol_gagal_daftar": 0,
    "contoh_gagal_daftar": [],
    "indeks": 5,
    "total": 8
  },
  "penyebut": {
    "simbol_bulan_diminta": 2741,
    "simbol_bulan_terunduh": 2741
  },
  "rilis": {
    "bagian": [
      {
        "byte": 1799720960,
        "byte_taksir": 1799714304,
        "byte_taksir_dibulatkan": 1799741440,
        "cacah_berkas": 1114,
        "jalur": "data/rilis/pecahan_5.part01.tar",
        "melebihi_batas": false,
        "nama": "pecahan_5.part01.tar",
        "sha256": "918bc757d86e4a469c1abb490849675cb7c361ec194ebae1906452b97d3596b5",
        "taksiran_terlampaui": false
      },
      {
        "byte": 1799383040,
        "byte_taksir": 1799382528,
        "byte_taksir_dibulatkan": 1799403520,
        "cacah_berkas": 1039,
        "jalur": "data/rilis/pecahan_5.part02.tar",
        "melebihi_batas": false,
        "nama": "pecahan_5.part02.tar",
        "sha256": "a36133795cba0e316b795e021176d37282d62589d1588c7b93f0ef089f4637cb",
        "taksiran_terlampaui": false
      },
      {
        "byte": 979875840,
        "byte_taksir": 979867648,
        "byte_taksir_dibulatkan": 979896320,
        "cacah_berkas": 588,
        "jalur": "data/rilis/pecahan_5.part03.tar",
        "melebihi_batas": false,
        "nama": "pecahan_5.part03.tar",
        "sha256": "6cfef935fe3138acd0ce09f47bf967f1592a2f11ab29c1dd701f9e87421e8313",
        "taksiran_terlampaui": false
      }
    ],
    "batas_byte": 1800000000,
    "berkas_sums": "data/rilis/SHA256SUMS",
    "byte_anggota_total": 4574062521,
    "byte_bagian_total": 4578979840,
    "cacah_bagian": 3,
    "cacah_bagian_melebihi_batas": 0,
    "cacah_bagian_taksiran_terlampaui": 0,
    "cacah_berkas": 2741,
    "cacah_berkas_hilang": 0,
    "cacah_berkas_melebihi_batas": 0,
    "catatan_kompresi": "tar tanpa gzip: parquet sudah terkompresi, jadi nisbah bagian per anggota mendekati 1 dan selisihnya adalah kepala 1.536 byte per anggota (termasuk pax 1.024), pembulatan rekam 10.240 byte, dan margin 20.480 byte",
    "catatan_penggugur": "cacah_bagian_melebihi_batas > 0 berarti ada aset yang akan ditolak batas 2 GB rilis GitHub; cacah_bagian_taksiran_terlampaui > 0 berarti model ukuran lebih kecil daripada tar nyata dan tidak boleh dipercaya; cacah_berkas_hilang > 0 berarti manifes menyebut parquet yang tidak ada di cakram. Ketiganya membatalkan klaim persistensi (aturan 24)",
    "kepala_anggota": 1536,
    "margin_rekam": 20480,
    "nama_dasar": "pecahan_5",
    "nama_sums": "SHA256SUMS",
    "nisbah_bagian_per_anggota": 1.001075,
    "rekam_tar": 10240,
    "status": "TERKEMAS"
  },
  "rilis_karantina": null,
  "selisih_cacah_bulan": {
    "cacah_simbol_berselisih": 0,
    "catatan": "daftar bulan diambil dari arsip; cacah_bulan di semesta_rentang.json berasal dari survei terdahulu. Selisih dicatat, tidak dibulatkan hilang (aturan 36).",
    "contoh": []
  },
  "sidik_data": "6128fbb0ceac0c8e5dfbfefd2bd9e49c66aa77af15d4b0082243a8f7f7e43806",
  "sidik_kode": "237ccf427faf9d48e9c0904433a56e8902de64de6552daee5d3053093bfba601",
  "status": "TERUKUR",
  "sumber_rentang": "reports/semesta_rentang.json",
  "verifikasi_rilis": {
    "anggota_cocok": true,
    "cacah_anggota_diharap": 2741,
    "cacah_anggota_terbaca": 2741,
    "cacah_bagian_hilang": 0,
    "cacah_sha_cocok": 3,
    "cacah_sha_tak_cocok": 0,
    "nama_bagian_hilang": [],
    "nama_sha_tak_cocok": [],
    "sah": true
  },
  "verifikasi_rilis_karantina": null,
  "versi_pecahan": 6,
  "waktu_utc": "2026-07-28T21:55:48Z"
}
