{
  "bukan_bukti": false,
  "byte_parquet_karantina_total": 0,
  "byte_parquet_total": 3834773373,
  "byte_zip_total": 3119597818,
  "cacah_gagal_checksum": 0,
  "cacah_gagal_unduh": 0,
  "cacah_karantina": 0,
  "cacah_parquet_ditulis": 2337,
  "cacah_parquet_tak_terkemas": 0,
  "cacah_simbol_bulan_dengan_baris_dibuang": 0,
  "catatan_bulan_parsial": "bulan pertama dan terakhir tiap simbol PARSIAL; rerata baris per bulan dilarang dikalikan begitu saja (aturan 28)",
  "catatan_parquet": "parquet dialirkan ke tar terbelah <=1,8 GB lalu diunggah sebagai aset rilis; parquet_dipersistenkan true HANYA bila tiap tar dibaca ulang, sha256-nya cocok, dan cacah anggotanya sama dengan cacah berkas yang dikemas (aturan 24). cacah_parquet_tak_terkemas != 0 berarti ada parquet yang lenyap antara penulisan dan pengemasan",
  "catatan_rentang": "hasil berlaku untuk pecahan 2 dari 8 saja, bukan untuk 19.598 bulan perpetual_usdt (aturan 20)",
  "daftar_karantina": [],
  "gerbang": {
    "baris_diperiksa": 100058416,
    "contoh_gagal": [],
    "pelanggaran_per_klausa": {
      "deret_tidak_kosong": 0,
      "jarak_60_detik": 0,
      "satuan_milidetik": 0,
      "selaras_menit": 0,
      "tanpa_duplikat": 0,
      "tanpa_menit_hilang": 0
    },
    "persen_lolos": 100.0,
    "simbol_bulan_dinilai": 2337,
    "simbol_bulan_gagal": 0,
    "simbol_bulan_lolos": 2337,
    "slot_diperiksa": 100058416
  },
  "jenis_instrumen_unik": [
    "perpetual_usdt"
  ],
  "jumlah_baris": 100058416,
  "jumlah_baris_dibuang": 0,
  "karantina": {
    "batas_daftar": 500,
    "byte_parquet_karantina": 0,
    "cacah_dibuang": 0,
    "cacah_ditambal": 0,
    "cacah_karantina": 0,
    "cacah_tak_terunduh": 0,
    "catatan_penggugur": "cacah_dibuang atau cacah_ditambal tidak nol berarti ADR-A006 dilanggar; interpolasi, forward-fill, dan penurunan ambang gerbang DILARANG (aturan 23, 24)",
    "daftar_karantina": [],
    "daftar_terpotong": false,
    "kebijakan": "ADR-A006: disisihkan, bukan dibuang dan bukan ditambal"
  },
  "kelas_risiko_kosong": [],
  "kelas_risiko_tersentuh": {
    "bulan_awal_2020_2021": 189,
    "kendali_baru": 1317,
    "non_ascii": 4,
    "pra_header": 196,
    "terhenti": 10
  },
  "mengemas": true,
  "nisbah_parquet_per_zip": 1.2293,
  "parquet_dipersistenkan": false,
  "pecahan": {
    "cacah_simbol": 99,
    "cacah_simbol_gagal_daftar": 0,
    "contoh_gagal_daftar": [],
    "indeks": 2,
    "total": 8
  },
  "penyebut": {
    "simbol_bulan_diminta": 2337,
    "simbol_bulan_terunduh": 2337
  },
  "rilis": {
    "bagian": [
      {
        "byte": 1799792640,
        "byte_taksir": 1798722560,
        "byte_taksir_dibulatkan": 1798748160,
        "cacah_berkas": 1041,
        "jalur": "data/rilis/pecahan_2.part01.tar",
        "melebihi_batas": false,
        "nama": "pecahan_2.part01.tar",
        "sha256": "9a4980f72af5a8505d6e89dbf12acb7e21385dbdc82d404b74bba4595130f966",
        "taksiran_terlampaui": true
      },
      {
        "byte": 1800017920,
        "byte_taksir": 1798829568,
        "byte_taksir_dibulatkan": 1798850560,
        "cacah_berkas": 1156,
        "jalur": "data/rilis/pecahan_2.part02.tar",
        "melebihi_batas": true,
        "nama": "pecahan_2.part02.tar",
        "sha256": "e0e450dae26ef3c4c46c1048366bb26d15e52f3c0b8f9cd9a15a58c01f7e23f6",
        "taksiran_terlampaui": true
      },
      {
        "byte": 239165440,
        "byte_taksir": 239021568,
        "byte_taksir_dibulatkan": 239042560,
        "cacah_berkas": 140,
        "jalur": "data/rilis/pecahan_2.part03.tar",
        "melebihi_batas": false,
        "nama": "pecahan_2.part03.tar",
        "sha256": "eb776fe3aca07c05e2feb505d576f9b8b438c14a0024fdbf895bc34ab6d7146f",
        "taksiran_terlampaui": true
      }
    ],
    "batas_byte": 1800000000,
    "berkas_sums": "data/rilis/SHA256SUMS",
    "byte_anggota_total": 3834773373,
    "byte_bagian_total": 3838976000,
    "cacah_bagian": 3,
    "cacah_bagian_melebihi_batas": 1,
    "cacah_bagian_taksiran_terlampaui": 3,
    "cacah_berkas": 2337,
    "cacah_berkas_hilang": 0,
    "cacah_berkas_melebihi_batas": 0,
    "catatan_kompresi": "tar tanpa gzip: parquet sudah terkompresi, jadi nisbah bagian per anggota mendekati 1 dan selisihnya adalah bantalan 512 byte per anggota, pembulatan rekam 10.240 byte, dan margin 20.480 byte",
    "catatan_penggugur": "cacah_bagian_melebihi_batas > 0 berarti ada aset yang akan ditolak batas 2 GB rilis GitHub; cacah_bagian_taksiran_terlampaui > 0 berarti model ukuran lebih kecil daripada tar nyata dan tidak boleh dipercaya; cacah_berkas_hilang > 0 berarti manifes menyebut parquet yang tidak ada di cakram. Ketiganya membatalkan klaim persistensi (aturan 24)",
    "margin_rekam": 20480,
    "nama_dasar": "pecahan_2",
    "nisbah_bagian_per_anggota": 1.001096,
    "rekam_tar": 10240,
    "status": "TERKEMAS"
  },
  "selisih_cacah_bulan": {
    "cacah_simbol_berselisih": 0,
    "catatan": "daftar bulan diambil dari arsip; cacah_bulan di semesta_rentang.json berasal dari survei terdahulu. Selisih dicatat, tidak dibulatkan hilang (aturan 36).",
    "contoh": []
  },
  "sidik_data": "6128fbb0ceac0c8e5dfbfefd2bd9e49c66aa77af15d4b0082243a8f7f7e43806",
  "sidik_kode": "cbd4655169a366b2e06aa4fc3de23e3b74c23fd99a37eeaad180dac24199864d",
  "status": "TERUKUR",
  "sumber_rentang": "reports/semesta_rentang.json",
  "verifikasi_rilis": {
    "anggota_cocok": true,
    "cacah_anggota_diharap": 2337,
    "cacah_anggota_terbaca": 2337,
    "cacah_bagian_hilang": 0,
    "cacah_sha_cocok": 3,
    "cacah_sha_tak_cocok": 0,
    "nama_bagian_hilang": [],
    "nama_sha_tak_cocok": [],
    "sah": false
  },
  "versi_pecahan": 3,
  "waktu_utc": "2026-07-28T17:02:42Z"
}
