{
  "bukan_bukti": false,
  "byte_parquet_karantina_total": 4420728,
  "byte_parquet_total": 4449859316,
  "byte_zip_total": 3588759783,
  "cacah_gagal_checksum": 0,
  "cacah_gagal_unduh": 0,
  "cacah_karantina": 3,
  "cacah_karantina_tak_terkemas": 0,
  "cacah_parquet_ditulis": 2649,
  "cacah_parquet_karantina_ditulis": 3,
  "cacah_parquet_tak_terkemas": 0,
  "cacah_simbol_bulan_dengan_baris_dibuang": 0,
  "catatan_bulan_parsial": "bulan pertama dan terakhir tiap simbol PARSIAL; rerata baris per bulan dilarang dikalikan begitu saja (aturan 28)",
  "catatan_karantina_persistensi": "KC-17: sampai VERSI 5 parquet karantina diukur lalu lenyap bersama runner. Sejak VERSI 6 ia dikemas ke tar terpisah dengan berkas sidik SHA256SUMS_KARANTINA. cacah_karantina_tak_terkemas != 0 berarti cacat itu kambuh. Pecahan tanpa karantina melaporkan rilis_karantina null dan karantina_dipersistenkan true dengan penyebut nol — itu BUKAN bukti pengemas karantina bekerja (aturan 30, 41)",
  "catatan_parquet": "parquet dialirkan ke tar terbelah <=1,8 GB lalu diunggah sebagai aset rilis; parquet_dipersistenkan true HANYA bila tiap tar dibaca ulang, sha256-nya cocok, dan cacah anggotanya sama dengan cacah berkas yang dikemas (aturan 24). cacah_parquet_tak_terkemas != 0 berarti ada parquet yang lenyap antara penulisan dan pengemasan",
  "catatan_rentang": "hasil berlaku untuk pecahan 6 dari 8 saja, bukan untuk 19.598 bulan perpetual_usdt (aturan 20)",
  "daftar_karantina": [
    {
      "baris": 41550,
      "bulan": "2022-04",
      "checksum_zip_sha256": "14bd69375c9d0a7bddd4fde807a44fb91e778a6f727e83a11915a28dbabe5be3",
      "parquet_karantina": "data/parquet_karantina/BNXUSDT/BNXUSDT-1m-2022-04.parquet",
      "pelanggaran": [
        "jarak_60_detik",
        "tanpa_menit_hilang"
      ],
      "simbol": "BNXUSDT"
    },
    {
      "baris": 41760,
      "bulan": "2022-06",
      "checksum_zip_sha256": "0e5ac9ccd9b6acf1fe1ae9f73d4da8de62f83cca6e46d7e6bce202bc4b22c58e",
      "parquet_karantina": "data/parquet_karantina/BNXUSDT/BNXUSDT-1m-2022-06.parquet",
      "pelanggaran": [
        "jarak_60_detik",
        "tanpa_menit_hilang"
      ],
      "simbol": "BNXUSDT"
    },
    {
      "baris": 40320,
      "bulan": "2022-08",
      "checksum_zip_sha256": "e990e000d7e2716f19774e377f3724b16a5e26161731e5dfbe215a608b2e8d09",
      "parquet_karantina": "data/parquet_karantina/BNXUSDT/BNXUSDT-1m-2022-08.parquet",
      "pelanggaran": [
        "jarak_60_detik",
        "tanpa_menit_hilang"
      ],
      "simbol": "BNXUSDT"
    }
  ],
  "gerbang": {
    "baris_diperiksa": 114013851,
    "contoh_gagal": [
      {
        "bulan": "2022-04",
        "pelanggaran": [
          "tanpa_menit_hilang",
          "jarak_60_detik"
        ],
        "simbol": "BNXUSDT"
      },
      {
        "bulan": "2022-06",
        "pelanggaran": [
          "tanpa_menit_hilang",
          "jarak_60_detik"
        ],
        "simbol": "BNXUSDT"
      },
      {
        "bulan": "2022-08",
        "pelanggaran": [
          "tanpa_menit_hilang",
          "jarak_60_detik"
        ],
        "simbol": "BNXUSDT"
      }
    ],
    "pelanggaran_per_klausa": {
      "deret_tidak_kosong": 0,
      "jarak_60_detik": 3,
      "satuan_milidetik": 0,
      "selaras_menit": 0,
      "tanpa_duplikat": 0,
      "tanpa_menit_hilang": 3
    },
    "persen_lolos": 99.89,
    "simbol_bulan_dinilai": 2652,
    "simbol_bulan_gagal": 3,
    "simbol_bulan_lolos": 2649,
    "slot_diperiksa": 114021051
  },
  "jenis_instrumen_unik": [
    "perpetual_usdt"
  ],
  "jumlah_baris": 114013851,
  "jumlah_baris_dibuang": 0,
  "karantina": {
    "batas_daftar": 500,
    "byte_parquet_karantina": 4420728,
    "cacah_dibuang": 0,
    "cacah_ditambal": 0,
    "cacah_karantina": 3,
    "cacah_tak_terunduh": 0,
    "catatan_penggugur": "cacah_dibuang atau cacah_ditambal tidak nol berarti ADR-A006 dilanggar; interpolasi, forward-fill, dan penurunan ambang gerbang DILARANG (aturan 23, 24)",
    "daftar_karantina": [
      {
        "baris": 41550,
        "bulan": "2022-04",
        "checksum_zip_sha256": "14bd69375c9d0a7bddd4fde807a44fb91e778a6f727e83a11915a28dbabe5be3",
        "parquet_karantina": "data/parquet_karantina/BNXUSDT/BNXUSDT-1m-2022-04.parquet",
        "pelanggaran": [
          "jarak_60_detik",
          "tanpa_menit_hilang"
        ],
        "simbol": "BNXUSDT"
      },
      {
        "baris": 41760,
        "bulan": "2022-06",
        "checksum_zip_sha256": "0e5ac9ccd9b6acf1fe1ae9f73d4da8de62f83cca6e46d7e6bce202bc4b22c58e",
        "parquet_karantina": "data/parquet_karantina/BNXUSDT/BNXUSDT-1m-2022-06.parquet",
        "pelanggaran": [
          "jarak_60_detik",
          "tanpa_menit_hilang"
        ],
        "simbol": "BNXUSDT"
      },
      {
        "baris": 40320,
        "bulan": "2022-08",
        "checksum_zip_sha256": "e990e000d7e2716f19774e377f3724b16a5e26161731e5dfbe215a608b2e8d09",
        "parquet_karantina": "data/parquet_karantina/BNXUSDT/BNXUSDT-1m-2022-08.parquet",
        "pelanggaran": [
          "jarak_60_detik",
          "tanpa_menit_hilang"
        ],
        "simbol": "BNXUSDT"
      }
    ],
    "daftar_terpotong": false,
    "kebijakan": "ADR-A006: disisihkan, bukan dibuang dan bukan ditambal"
  },
  "karantina_dipersistenkan": true,
  "kelas_risiko_kosong": [
    "non_ascii"
  ],
  "kelas_risiko_tersentuh": {
    "bulan_awal_2020_2021": 269,
    "kendali_baru": 1311,
    "non_ascii": 0,
    "pra_header": 278,
    "terhenti": 56
  },
  "mengemas": true,
  "nisbah_parquet_per_zip": 1.2399,
  "parquet_dipersistenkan": true,
  "pecahan": {
    "cacah_simbol": 98,
    "cacah_simbol_gagal_daftar": 0,
    "contoh_gagal_daftar": [],
    "indeks": 6,
    "total": 8
  },
  "penyebut": {
    "simbol_bulan_diminta": 2652,
    "simbol_bulan_terunduh": 2652
  },
  "rilis": {
    "bagian": [
      {
        "byte": 1799065600,
        "byte_taksir": 1799060480,
        "byte_taksir_dibulatkan": 1799086080,
        "cacah_berkas": 1092,
        "jalur": "data/rilis/pecahan_6.part01.tar",
        "melebihi_batas": false,
        "nama": "pecahan_6.part01.tar",
        "sha256": "53d10f38cd552fc6d774aae6a9e48b9329b3db336731bdad2d09e8d570f5e539",
        "taksiran_terlampaui": false
      },
      {
        "byte": 1799280640,
        "byte_taksir": 1799272448,
        "byte_taksir_dibulatkan": 1799301120,
        "cacah_berkas": 1064,
        "jalur": "data/rilis/pecahan_6.part02.tar",
        "melebihi_batas": false,
        "nama": "pecahan_6.part02.tar",
        "sha256": "08a9d7e43b88ad88bd7f21e7995a499143247f913fdd1b264413a24fca1fc131",
        "taksiran_terlampaui": false
      },
      {
        "byte": 856268800,
        "byte_taksir": 856260608,
        "byte_taksir_dibulatkan": 856289280,
        "cacah_berkas": 493,
        "jalur": "data/rilis/pecahan_6.part03.tar",
        "melebihi_batas": false,
        "nama": "pecahan_6.part03.tar",
        "sha256": "29c4921540a0d4d879f0e4cd1ddfb01cccf808aeeb07b825a1db245724c466f6",
        "taksiran_terlampaui": false
      }
    ],
    "batas_byte": 1800000000,
    "berkas_sums": "data/rilis/SHA256SUMS",
    "byte_anggota_total": 4449859316,
    "byte_bagian_total": 4454615040,
    "cacah_bagian": 3,
    "cacah_bagian_melebihi_batas": 0,
    "cacah_bagian_taksiran_terlampaui": 0,
    "cacah_berkas": 2649,
    "cacah_berkas_hilang": 0,
    "cacah_berkas_melebihi_batas": 0,
    "catatan_kompresi": "tar tanpa gzip: parquet sudah terkompresi, jadi nisbah bagian per anggota mendekati 1 dan selisihnya adalah kepala 1.536 byte per anggota (termasuk pax 1.024), pembulatan rekam 10.240 byte, dan margin 20.480 byte",
    "catatan_penggugur": "cacah_bagian_melebihi_batas > 0 berarti ada aset yang akan ditolak batas 2 GB rilis GitHub; cacah_bagian_taksiran_terlampaui > 0 berarti model ukuran lebih kecil daripada tar nyata dan tidak boleh dipercaya; cacah_berkas_hilang > 0 berarti manifes menyebut parquet yang tidak ada di cakram. Ketiganya membatalkan klaim persistensi (aturan 24)",
    "kepala_anggota": 1536,
    "margin_rekam": 20480,
    "nama_dasar": "pecahan_6",
    "nama_sums": "SHA256SUMS",
    "nisbah_bagian_per_anggota": 1.001069,
    "rekam_tar": 10240,
    "status": "TERKEMAS"
  },
  "rilis_karantina": {
    "bagian": [
      {
        "byte": 4433920,
        "byte_taksir": 4427264,
        "byte_taksir_dibulatkan": 4454400,
        "cacah_berkas": 3,
        "jalur": "data/rilis/pecahan_6_karantina.part01.tar",
        "melebihi_batas": false,
        "nama": "pecahan_6_karantina.part01.tar",
        "sha256": "3de15efc7a6ab3a6ca54d8a55f7d686d0f4866b054530d21154ed62013a8501c",
        "taksiran_terlampaui": false
      }
    ],
    "batas_byte": 1800000000,
    "berkas_sums": "data/rilis/SHA256SUMS_KARANTINA",
    "byte_anggota_total": 4420728,
    "byte_bagian_total": 4433920,
    "cacah_bagian": 1,
    "cacah_bagian_melebihi_batas": 0,
    "cacah_bagian_taksiran_terlampaui": 0,
    "cacah_berkas": 3,
    "cacah_berkas_hilang": 0,
    "cacah_berkas_melebihi_batas": 0,
    "catatan_kompresi": "tar tanpa gzip: parquet sudah terkompresi, jadi nisbah bagian per anggota mendekati 1 dan selisihnya adalah kepala 1.536 byte per anggota (termasuk pax 1.024), pembulatan rekam 10.240 byte, dan margin 20.480 byte",
    "catatan_penggugur": "cacah_bagian_melebihi_batas > 0 berarti ada aset yang akan ditolak batas 2 GB rilis GitHub; cacah_bagian_taksiran_terlampaui > 0 berarti model ukuran lebih kecil daripada tar nyata dan tidak boleh dipercaya; cacah_berkas_hilang > 0 berarti manifes menyebut parquet yang tidak ada di cakram. Ketiganya membatalkan klaim persistensi (aturan 24)",
    "kepala_anggota": 1536,
    "margin_rekam": 20480,
    "nama_dasar": "pecahan_6_karantina",
    "nama_sums": "SHA256SUMS_KARANTINA",
    "nisbah_bagian_per_anggota": 1.002984,
    "rekam_tar": 10240,
    "status": "TERKEMAS"
  },
  "selisih_cacah_bulan": {
    "cacah_simbol_berselisih": 0,
    "catatan": "daftar bulan diambil dari arsip; cacah_bulan di semesta_rentang.json berasal dari survei terdahulu. Selisih dicatat, tidak dibulatkan hilang (aturan 36).",
    "contoh": []
  },
  "sidik_data": "6128fbb0ceac0c8e5dfbfefd2bd9e49c66aa77af15d4b0082243a8f7f7e43806",
  "sidik_kode": "237ccf427faf9d48e9c0904433a56e8902de64de6552daee5d3053093bfba601",
  "status": "TERUKUR",
  "sumber_rentang": "reports/semesta_rentang.json",
  "verifikasi_rilis": {
    "anggota_cocok": true,
    "cacah_anggota_diharap": 2649,
    "cacah_anggota_terbaca": 2649,
    "cacah_bagian_hilang": 0,
    "cacah_sha_cocok": 3,
    "cacah_sha_tak_cocok": 0,
    "nama_bagian_hilang": [],
    "nama_sha_tak_cocok": [],
    "sah": true
  },
  "verifikasi_rilis_karantina": {
    "anggota_cocok": true,
    "cacah_anggota_diharap": 3,
    "cacah_anggota_terbaca": 3,
    "cacah_bagian_hilang": 0,
    "cacah_sha_cocok": 1,
    "cacah_sha_tak_cocok": 0,
    "nama_bagian_hilang": [],
    "nama_sha_tak_cocok": [],
    "sah": true
  },
  "versi_pecahan": 6,
  "waktu_utc": "2026-07-28T21:28:28Z"
}
