{
  "bukan_bukti": false,
  "byte_parquet_total": 4120562805,
  "byte_zip_total": 3351290433,
  "cacah_gagal_checksum": 0,
  "cacah_gagal_unduh": 0,
  "cacah_simbol_bulan_dengan_baris_dibuang": 0,
  "catatan_bulan_parsial": "bulan pertama dan terakhir tiap simbol PARSIAL; rerata baris per bulan dilarang dikalikan begitu saja (aturan 28)",
  "catatan_parquet": "parquet ditulis, diukur, lalu dihapus; bentuk persistensi menunggu ADR-A006",
  "catatan_rentang": "hasil berlaku untuk pecahan 0 dari 8 saja, bukan untuk 19.598 bulan perpetual_usdt (aturan 20)",
  "gerbang": {
    "baris_diperiksa": 103264917,
    "contoh_gagal": [
      {
        "bulan": "2025-04",
        "pelanggaran": [
          "tanpa_menit_hilang",
          "jarak_60_detik"
        ],
        "simbol": "AERGOUSDT"
      },
      {
        "bulan": "2025-05",
        "pelanggaran": [
          "tanpa_menit_hilang",
          "jarak_60_detik"
        ],
        "simbol": "CVCUSDT"
      },
      {
        "bulan": "2025-07",
        "pelanggaran": [
          "tanpa_menit_hilang",
          "jarak_60_detik"
        ],
        "simbol": "SLPUSDT"
      }
    ],
    "pelanggaran_per_klausa": {
      "deret_tidak_kosong": 0,
      "jarak_60_detik": 3,
      "satuan_milidetik": 0,
      "selaras_menit": 0,
      "tanpa_duplikat": 0,
      "tanpa_menit_hilang": 3
    },
    "persen_lolos": 99.88,
    "simbol_bulan_dinilai": 2411,
    "simbol_bulan_gagal": 3,
    "simbol_bulan_lolos": 2408,
    "slot_diperiksa": 103266792
  },
  "jenis_instrumen_unik": [
    "perpetual_usdt"
  ],
  "jumlah_baris": 103264917,
  "jumlah_baris_dibuang": 0,
  "kelas_risiko_kosong": [],
  "kelas_risiko_tersentuh": {
    "bulan_awal_2020_2021": 229,
    "kendali_baru": 1214,
    "non_ascii": 9,
    "pra_header": 235,
    "terhenti": 110
  },
  "nisbah_parquet_per_zip": 1.2295,
  "parquet_dipersistenkan": false,
  "pecahan": {
    "cacah_simbol": 99,
    "cacah_simbol_gagal_daftar": 0,
    "contoh_gagal_daftar": [],
    "indeks": 0,
    "total": 8
  },
  "penyebut": {
    "simbol_bulan_diminta": 2411,
    "simbol_bulan_terunduh": 2411
  },
  "selisih_cacah_bulan": {
    "cacah_simbol_berselisih": 0,
    "catatan": "daftar bulan diambil dari arsip; cacah_bulan di semesta_rentang.json berasal dari survei terdahulu. Selisih dicatat, tidak dibulatkan hilang (aturan 36).",
    "contoh": []
  },
  "sidik_data": "6128fbb0ceac0c8e5dfbfefd2bd9e49c66aa77af15d4b0082243a8f7f7e43806",
  "sidik_kode": "22c17f4f50031bd585cdf45276bbaec9d0f09ad903e75349a230ce45dbc9bbc7",
  "status": "TERUKUR",
  "sumber_rentang": "reports/semesta_rentang.json",
  "waktu_utc": "2026-07-28T12:18:42Z"
}
