{
  "bersambung": [
    {
      "cacah_bulan": 62,
      "cacah_bulan_saudara": 0,
      "saudara_ditemukan": [],
      "simbol": "ICPUSDT"
    },
    {
      "cacah_bulan": 60,
      "cacah_bulan_saudara": 0,
      "saudara_ditemukan": [],
      "simbol": "TLMUSDT"
    }
  ],
  "bnx": {
    "bulan": [
      "2022-05",
      "2022-07",
      "2022-09",
      "2022-10",
      "2022-11",
      "2022-12",
      "2023-01",
      "2023-02",
      "2023-03",
      "2023-04",
      "2023-05",
      "2023-06",
      "2023-07",
      "2023-08",
      "2023-09",
      "2023-10",
      "2023-11",
      "2023-12",
      "2024-01",
      "2024-02",
      "2024-03",
      "2024-04",
      "2024-05",
      "2024-06",
      "2024-07",
      "2024-08",
      "2024-09",
      "2024-10",
      "2024-11",
      "2024-12",
      "2025-01",
      "2025-02",
      "2025-03",
      "2025-04",
      "2025-05",
      "2025-06",
      "2025-07",
      "2025-08",
      "2025-09",
      "2025-10",
      "2025-11",
      "2025-12",
      "2026-01",
      "2026-02",
      "2026-03",
      "2026-04",
      "2026-05",
      "2026-06"
    ],
    "bulan_saudara": [],
    "cacah_bulan": 48,
    "cacah_lubang": 3,
    "cacah_lubang_ada_di_penyebut": 0,
    "klaim_kc15": false,
    "lubang": [
      {
        "ada_di_penyebut": false,
        "bulan": "2022-04",
        "status": null
      },
      {
        "ada_di_penyebut": false,
        "bulan": "2022-06",
        "status": null
      },
      {
        "ada_di_penyebut": false,
        "bulan": "2022-08",
        "status": null
      }
    ],
    "saudara_ditemukan": [],
    "simbol": "BNXUSDT"
  },
  "bukan_bukti": false,
  "h_a013": {
    "ambang_menang": 4,
    "cacah_cocok_bulan": 0,
    "cacah_hadir_di_penyebut": 0,
    "cacah_peralihan": 6,
    "cacah_saudara_ditemukan": 0,
    "definisi_dapat_dibedakan": false,
    "menang": false,
    "sebab_terpakai": [
      "tanpa_saudara_settled"
    ],
    "terukur": true
  },
  "h_a013_baris": [
    {
      "bulan_peralihan": "2025-04",
      "bulan_saudara": [],
      "cacah_bulan_saudara": 0,
      "cocok_bulan": false,
      "hadir_di_penyebut": false,
      "saudara_diperiksa": [
        "CTKUSDTSETTLED",
        "CTKUSDT_SETTLED"
      ],
      "saudara_ditemukan": [],
      "sebab": "tanpa_saudara_settled",
      "simbol": "CTKUSDT"
    },
    {
      "bulan_peralihan": "2025-05",
      "bulan_saudara": [],
      "cacah_bulan_saudara": 0,
      "cocok_bulan": false,
      "hadir_di_penyebut": false,
      "saudara_diperiksa": [
        "CVCUSDTSETTLED",
        "CVCUSDT_SETTLED"
      ],
      "saudara_ditemukan": [],
      "sebab": "tanpa_saudara_settled",
      "simbol": "CVCUSDT"
    },
    {
      "bulan_peralihan": "2025-07",
      "bulan_saudara": [],
      "cacah_bulan_saudara": 0,
      "cocok_bulan": false,
      "hadir_di_penyebut": false,
      "saudara_diperiksa": [
        "CVXUSDTSETTLED",
        "CVXUSDT_SETTLED"
      ],
      "saudara_ditemukan": [],
      "sebab": "tanpa_saudara_settled",
      "simbol": "CVXUSDT"
    },
    {
      "bulan_peralihan": "2025-12",
      "bulan_saudara": [],
      "cacah_bulan_saudara": 0,
      "cocok_bulan": false,
      "hadir_di_penyebut": false,
      "saudara_diperiksa": [
        "LITUSDTSETTLED",
        "LITUSDT_SETTLED"
      ],
      "saudara_ditemukan": [],
      "sebab": "tanpa_saudara_settled",
      "simbol": "LITUSDT"
    },
    {
      "bulan_peralihan": "2025-03",
      "bulan_saudara": [],
      "cacah_bulan_saudara": 0,
      "cocok_bulan": false,
      "hadir_di_penyebut": false,
      "saudara_diperiksa": [
        "MAVIAUSDTSETTLED",
        "MAVIAUSDT_SETTLED"
      ],
      "saudara_ditemukan": [],
      "sebab": "tanpa_saudara_settled",
      "simbol": "MAVIAUSDT"
    },
    {
      "bulan_peralihan": "2025-07",
      "bulan_saudara": [],
      "cacah_bulan_saudara": 0,
      "cocok_bulan": false,
      "hadir_di_penyebut": false,
      "saudara_diperiksa": [
        "SLPUSDTSETTLED",
        "SLPUSDT_SETTLED"
      ],
      "saudara_ditemukan": [],
      "sebab": "tanpa_saudara_settled",
      "simbol": "SLPUSDT"
    }
  ],
  "ringkasan": {
    "bagian_tertinggi": 0.137284,
    "bnx_cacah_lubang_ada_di_penyebut": 0,
    "cacah_cocok_bulan": 0,
    "cacah_hadir_di_penyebut": 0,
    "cacah_kunci_ganda": 0,
    "cacah_laporan_dibaca": 8,
    "cacah_lubang_funding": 880,
    "cacah_lubang_ganda": 0,
    "cacah_saudara_ditemukan": 0,
    "cacah_simbol_tanpa_hidup": 18,
    "cacah_tahun": 7,
    "h_a013_dapat_dibedakan": false,
    "h_a013_menang": false,
    "h_a013_terukur": true,
    "jumlah_mati_tahun": 1401,
    "jumlah_penyebut_tahun": 19586,
    "kendali": [
      {
        "bulan": "2021-05",
        "byte_parquet": 2770666,
        "funding_ada": true,
        "simbol": "BTCUSDT",
        "status": "HIDUP"
      },
      {
        "bulan": "2021-08",
        "byte_parquet": 2730341,
        "funding_ada": true,
        "simbol": "BTCUSDT",
        "status": "HIDUP"
      },
      {
        "bulan": "2021-01",
        "byte_parquet": 2722266,
        "funding_ada": true,
        "simbol": "BTCUSDT",
        "status": "HIDUP"
      }
    ],
    "kendali_sah": true,
    "laporan_hilang": [],
    "penyebut_kehidupan": 19586,
    "penyebut_simbol": 787,
    "selisih_jumlah_tahun": 0,
    "selisih_mati": 0,
    "selisih_penyebut": 0,
    "sidik_kode_laporan": [
      "24b6bb265525e81c2e571b46e401f36903383f1e3738c487850861adc3e8c595"
    ],
    "sidik_seragam": true,
    "tahun_tertinggi": "2026",
    "total_pecahan": 8
  },
  "sidik_data_funding": "2c9fbd1b04f74c9c844bc223a99a103d12220b88d08667b3792720e5b9608d24",
  "sidik_kode": "75bf18054819eeca4ab4275f3af4c2dcb28a1664ac1da2b38e0f2c6fa10f4fc4",
  "tabel_tahun": {
    "bagian_tertinggi": 0.137284,
    "baris": [
      {
        "bagian": 0.001984,
        "mati": 1,
        "penyebut": 504,
        "tahun": "2020",
        "terukur": true
      },
      {
        "bagian": 0.006498,
        "mati": 9,
        "penyebut": 1385,
        "tahun": "2021",
        "terukur": true
      },
      {
        "bagian": 0.019665,
        "mati": 34,
        "penyebut": 1729,
        "tahun": "2022",
        "terukur": true
      },
      {
        "bagian": 0.042917,
        "mati": 103,
        "penyebut": 2400,
        "tahun": "2023",
        "terukur": true
      },
      {
        "bagian": 0.053782,
        "mati": 192,
        "penyebut": 3570,
        "tahun": "2024",
        "terukur": true
      },
      {
        "bagian": 0.085071,
        "mati": 506,
        "penyebut": 5948,
        "tahun": "2025",
        "terukur": true
      },
      {
        "bagian": 0.137284,
        "mati": 556,
        "penyebut": 4050,
        "tahun": "2026",
        "terukur": true
      }
    ],
    "cacah_tahun": 7,
    "jumlah_mati": 1401,
    "jumlah_penyebut": 19586,
    "tahun_tertinggi": "2026"
  },
  "versi_penyebut_tahun": 1,
  "waktu_utc": "2026-07-29T11:16:39Z"
}

