{
  "baris_karantina": 43590,
  "baris_terverifikasi": true,
  "baris_total": 106865397,
  "baris_utama": 106821807,
  "bukan_bukti": false,
  "catatan_penggugur": "pulih_sah HANYA mencakup keutuhan pengangkutan: bagian hilang, sha tak cocok, anggota kurang, anggota tak aman. Kecocokan baris dilaporkan terpisah karena ia pertanyaan definisi, bukan keutuhan (aturan 16, 36)",
  "catatan_rentang": "berlaku untuk pecahan 4 dari 8 saja, dan untuk satu kali unduhan pada satu waktu; ia tidak mengatakan apa pun tentang ketahanan aset dalam jangka panjang (aturan 20)",
  "catatan_sumber_sidik": "sidik pembanding diambil dari manifes di git, BUKAN dari berkas SHA256SUMS di rilis; berkas itu diunggah proses yang sama dari cakram yang sama, jadi memakainya hanya membuktikan rilis konsisten dengan dirinya sendiri",
  "definisi_jumlah_baris": "jumlah_baris = baris lolos + baris karantina",
  "indeks": 4,
  "jumlah_baris_manifes": 106865397,
  "karantina": {
    "byte_bagian_terunduh": 849920,
    "cacah_anggota_diharap": 1,
    "cacah_anggota_kurang": 0,
    "cacah_anggota_tak_aman": 0,
    "cacah_anggota_terbaca": 1,
    "cacah_bagian_diharap": 1,
    "cacah_bagian_hilang": 0,
    "cacah_baris": 43590,
    "cacah_parquet_terbaca": 1,
    "cacah_sha_cocok": 1,
    "cacah_sha_tak_cocok": 0,
    "nama_bagian_hilang": [],
    "nama_dasar": "pecahan_4_karantina",
    "nama_sha_tak_cocok": []
  },
  "pulih_sah": true,
  "run_id_sumber": "30396803601",
  "selisih_baris_total": 0,
  "selisih_baris_utama": -43590,
  "sidik_kode": "c76ff896f39c9d979ac875fe2e7b54b050911f49bd361150f3826a99ea272b38",
  "sidik_kode_manifes": "237ccf427faf9d48e9c0904433a56e8902de64de6552daee5d3053093bfba601",
  "sidik_manifes": "d204f3538f855aa2c638e5991378cbb7509b748cbe7b7efa38027cd4551ba2bb",
  "utama": {
    "byte_bagian_terunduh": 4203950080,
    "cacah_anggota_diharap": 2496,
    "cacah_anggota_kurang": 0,
    "cacah_anggota_tak_aman": 0,
    "cacah_anggota_terbaca": 2496,
    "cacah_bagian_diharap": 3,
    "cacah_bagian_hilang": 0,
    "cacah_baris": 106821807,
    "cacah_parquet_terbaca": 2496,
    "cacah_sha_cocok": 3,
    "cacah_sha_tak_cocok": 0,
    "nama_bagian_hilang": [],
    "nama_dasar": "pecahan_4",
    "nama_sha_tak_cocok": []
  },
  "versi_pulihkan": 1,
  "waktu_utc": "2026-07-28T22:19:41Z"
}
