{
  "baris_karantina": 130605,
  "baris_terverifikasi": true,
  "baris_total": 103264917,
  "baris_utama": 103134312,
  "bukan_bukti": false,
  "catatan_definisi": "definisi_jumlah_baris hanya menyebut salah satu definisi ketika definisi_dapat_dibedakan true; pecahan tanpa karantina tidak mampu membedakan keduanya dan dilaporkan apa adanya (aturan 46)",
  "catatan_penggugur": "pulih_sah HANYA mencakup keutuhan pengangkutan: bagian hilang, sha tak cocok, anggota kurang, anggota tak aman. Kecocokan baris dilaporkan terpisah karena ia pertanyaan definisi, bukan keutuhan (aturan 16, 36)",
  "catatan_rentang": "berlaku untuk pecahan 0 dari 8 saja, dan untuk satu kali unduhan pada satu waktu; ia tidak mengatakan apa pun tentang ketahanan aset dalam jangka panjang (aturan 20)",
  "catatan_sumber_sidik": "sidik pembanding diambil dari manifes di git, BUKAN dari berkas SHA256SUMS di rilis; berkas itu diunggah proses yang sama dari cakram yang sama, jadi memakainya hanya membuktikan rilis konsisten dengan dirinya sendiri",
  "definisi_dapat_dibedakan": true,
  "definisi_jumlah_baris": "jumlah_baris = baris lolos + baris karantina",
  "indeks": 0,
  "jumlah_baris_manifes": 103264917,
  "karantina": {
    "byte_bagian_terunduh": 3297280,
    "cacah_anggota_diharap": 3,
    "cacah_anggota_kurang": 0,
    "cacah_anggota_tak_aman": 0,
    "cacah_anggota_terbaca": 3,
    "cacah_bagian_diharap": 1,
    "cacah_bagian_hilang": 0,
    "cacah_baris": 130605,
    "cacah_parquet_terbaca": 3,
    "cacah_sha_cocok": 1,
    "cacah_sha_tak_cocok": 0,
    "nama_bagian_hilang": [],
    "nama_dasar": "pecahan_0_karantina",
    "nama_sha_tak_cocok": []
  },
  "pulih_sah": true,
  "run_id_sumber": "30396803601",
  "selisih_baris_total": 0,
  "selisih_baris_utama": -130605,
  "sidik_kode": "76c27e3ce5d6edb13bb998b6ec65b538fb3d25205d4469bd4d186a95fa62d700",
  "sidik_kode_manifes": "237ccf427faf9d48e9c0904433a56e8902de64de6552daee5d3053093bfba601",
  "sidik_manifes": "88d5704cc3638577aac30e33608b5d7ce3cbd30ff8371d8fd006f70ebd8bcc0f",
  "utama": {
    "byte_bagian_terunduh": 4124907520,
    "cacah_anggota_diharap": 2408,
    "cacah_anggota_kurang": 0,
    "cacah_anggota_tak_aman": 0,
    "cacah_anggota_terbaca": 2408,
    "cacah_bagian_diharap": 3,
    "cacah_bagian_hilang": 0,
    "cacah_baris": 103134312,
    "cacah_parquet_terbaca": 2408,
    "cacah_sha_cocok": 3,
    "cacah_sha_tak_cocok": 0,
    "nama_bagian_hilang": [],
    "nama_dasar": "pecahan_0",
    "nama_sha_tak_cocok": []
  },
  "versi_pulihkan": 2,
  "waktu_utc": "2026-07-29T02:48:44Z"
}
