{
  "baris_kendali_deteksi": [
    {
      "ada_hidup_berlubang": true,
      "bangkit": true,
      "bulan_berlubang_pertama": "2024-03",
      "bulan_hidup_terakhir": "2024-04",
      "bulan_mati_pertama": "2024-02",
      "bulan_pertama": "2024-01",
      "bulan_terakhir": "2024-04",
      "cacah_bulan": 4,
      "cacah_bulan_berlubang": 2,
      "cacah_hidup": 2,
      "cacah_hidup_berlubang": 1,
      "cacah_mati": 2,
      "cacah_mati_berlubang": 1,
      "cacah_tersisip_alat": 2,
      "cacah_tersisip_lokal": 2,
      "lubang_dulu": false,
      "mati_dulu": true,
      "selisih_bulan_mati_ke_lubang": 1,
      "serentak": false,
      "simbol": "KENDALI_MATI_DULU",
      "tanpa_lubang": false,
      "tersisip_sepakat": true
    },
    {
      "ada_hidup_berlubang": true,
      "bangkit": true,
      "bulan_berlubang_pertama": "2024-01",
      "bulan_hidup_terakhir": "2024-04",
      "bulan_mati_pertama": "2024-02",
      "bulan_pertama": "2024-01",
      "bulan_terakhir": "2024-04",
      "cacah_bulan": 4,
      "cacah_bulan_berlubang": 3,
      "cacah_hidup": 2,
      "cacah_hidup_berlubang": 1,
      "cacah_mati": 2,
      "cacah_mati_berlubang": 2,
      "cacah_tersisip_alat": 2,
      "cacah_tersisip_lokal": 2,
      "lubang_dulu": true,
      "mati_dulu": false,
      "selisih_bulan_mati_ke_lubang": -1,
      "serentak": false,
      "simbol": "KENDALI_LUBANG_DULU",
      "tanpa_lubang": false,
      "tersisip_sepakat": true
    }
  ],
  "baris_simbol_bangkit": [
    {
      "ada_hidup_berlubang": false,
      "bangkit": true,
      "bulan_berlubang_pertama": null,
      "bulan_hidup_terakhir": "2026-06",
      "bulan_mati_pertama": "2024-05",
      "bulan_pertama": "2020-11",
      "bulan_terakhir": "2026-06",
      "cacah_bulan": 67,
      "cacah_bulan_berlubang": 0,
      "cacah_hidup": 55,
      "cacah_hidup_berlubang": 0,
      "cacah_mati": 11,
      "cacah_mati_berlubang": 0,
      "cacah_tersisip_alat": 11,
      "cacah_tersisip_lokal": 11,
      "lubang_dulu": false,
      "mati_dulu": false,
      "selisih_bulan_mati_ke_lubang": null,
      "serentak": false,
      "simbol": "CTKUSDT",
      "tanpa_lubang": true,
      "tersisip_sepakat": true
    },
    {
      "ada_hidup_berlubang": false,
      "bangkit": true,
      "bulan_berlubang_pertama": null,
      "bulan_hidup_terakhir": "2026-06",
      "bulan_mati_pertama": "2022-12",
      "bulan_pertama": "2020-11",
      "bulan_terakhir": "2026-06",
      "cacah_bulan": 67,
      "cacah_bulan_berlubang": 0,
      "cacah_hidup": 38,
      "cacah_hidup_berlubang": 0,
      "cacah_mati": 29,
      "cacah_mati_berlubang": 0,
      "cacah_tersisip_alat": 29,
      "cacah_tersisip_lokal": 29,
      "lubang_dulu": false,
      "mati_dulu": false,
      "selisih_bulan_mati_ke_lubang": null,
      "serentak": false,
      "simbol": "CVCUSDT",
      "tanpa_lubang": true,
      "tersisip_sepakat": true
    },
    {
      "ada_hidup_berlubang": false,
      "bangkit": true,
      "bulan_berlubang_pertama": null,
      "bulan_hidup_terakhir": "2026-06",
      "bulan_mati_pertama": "2024-06",
      "bulan_pertama": "2022-09",
      "bulan_terakhir": "2026-06",
      "cacah_bulan": 45,
      "cacah_bulan_berlubang": 0,
      "cacah_hidup": 31,
      "cacah_hidup_berlubang": 0,
      "cacah_mati": 13,
      "cacah_mati_berlubang": 0,
      "cacah_tersisip_alat": 13,
      "cacah_tersisip_lokal": 13,
      "lubang_dulu": false,
      "mati_dulu": false,
      "selisih_bulan_mati_ke_lubang": null,
      "serentak": false,
      "simbol": "CVXUSDT",
      "tanpa_lubang": true,
      "tersisip_sepakat": true
    },
    {
      "ada_hidup_berlubang": true,
      "bangkit": true,
      "bulan_berlubang_pertama": "2021-05",
      "bulan_hidup_terakhir": "2026-06",
      "bulan_mati_pertama": "2022-07",
      "bulan_pertama": "2021-05",
      "bulan_terakhir": "2026-06",
      "cacah_bulan": 62,
      "cacah_bulan_berlubang": 16,
      "cacah_hidup": 59,
      "cacah_hidup_berlubang": 13,
      "cacah_mati": 2,
      "cacah_mati_berlubang": 2,
      "cacah_tersisip_alat": 2,
      "cacah_tersisip_lokal": 2,
      "lubang_dulu": true,
      "mati_dulu": false,
      "selisih_bulan_mati_ke_lubang": -14,
      "serentak": false,
      "simbol": "ICPUSDT",
      "tanpa_lubang": false,
      "tersisip_sepakat": true
    },
    {
      "ada_hidup_berlubang": false,
      "bangkit": true,
      "bulan_berlubang_pertama": "2025-07",
      "bulan_hidup_terakhir": "2026-06",
      "bulan_mati_pertama": "2025-02",
      "bulan_pertama": "2021-02",
      "bulan_terakhir": "2026-06",
      "cacah_bulan": 64,
      "cacah_bulan_berlubang": 5,
      "cacah_hidup": 54,
      "cacah_hidup_berlubang": 0,
      "cacah_mati": 10,
      "cacah_mati_berlubang": 5,
      "cacah_tersisip_alat": 10,
      "cacah_tersisip_lokal": 10,
      "lubang_dulu": false,
      "mati_dulu": true,
      "selisih_bulan_mati_ke_lubang": 5,
      "serentak": false,
      "simbol": "LITUSDT",
      "tanpa_lubang": false,
      "tersisip_sepakat": true
    },
    {
      "ada_hidup_berlubang": false,
      "bangkit": true,
      "bulan_berlubang_pertama": null,
      "bulan_hidup_terakhir": "2026-06",
      "bulan_mati_pertama": "2025-01",
      "bulan_pertama": "2024-02",
      "bulan_terakhir": "2026-06",
      "cacah_bulan": 28,
      "cacah_bulan_berlubang": 0,
      "cacah_hidup": 25,
      "cacah_hidup_berlubang": 0,
      "cacah_mati": 2,
      "cacah_mati_berlubang": 0,
      "cacah_tersisip_alat": 2,
      "cacah_tersisip_lokal": 2,
      "lubang_dulu": false,
      "mati_dulu": false,
      "selisih_bulan_mati_ke_lubang": null,
      "serentak": false,
      "simbol": "MAVIAUSDT",
      "tanpa_lubang": true,
      "tersisip_sepakat": true
    },
    {
      "ada_hidup_berlubang": false,
      "bangkit": true,
      "bulan_berlubang_pertama": null,
      "bulan_hidup_terakhir": "2026-06",
      "bulan_mati_pertama": "2024-06",
      "bulan_pertama": "2023-10",
      "bulan_terakhir": "2026-06",
      "cacah_bulan": 32,
      "cacah_bulan_berlubang": 0,
      "cacah_hidup": 18,
      "cacah_hidup_berlubang": 0,
      "cacah_mati": 13,
      "cacah_mati_berlubang": 0,
      "cacah_tersisip_alat": 13,
      "cacah_tersisip_lokal": 13,
      "lubang_dulu": false,
      "mati_dulu": false,
      "selisih_bulan_mati_ke_lubang": null,
      "serentak": false,
      "simbol": "SLPUSDT",
      "tanpa_lubang": true,
      "tersisip_sepakat": true
    },
    {
      "ada_hidup_berlubang": true,
      "bangkit": true,
      "bulan_berlubang_pertama": "2021-07",
      "bulan_hidup_terakhir": "2026-06",
      "bulan_mati_pertama": "2022-07",
      "bulan_pertama": "2021-07",
      "bulan_terakhir": "2026-06",
      "cacah_bulan": 60,
      "cacah_bulan_berlubang": 20,
      "cacah_hidup": 51,
      "cacah_hidup_berlubang": 11,
      "cacah_mati": 8,
      "cacah_mati_berlubang": 8,
      "cacah_tersisip_alat": 8,
      "cacah_tersisip_lokal": 8,
      "lubang_dulu": true,
      "mati_dulu": false,
      "selisih_bulan_mati_ke_lubang": -12,
      "serentak": false,
      "simbol": "TLMUSDT",
      "tanpa_lubang": false,
      "tersisip_sepakat": true
    }
  ],
  "bukan_bukti": false,
  "cacah_baris_dilapor": 8,
  "catatan_penggugur": "sidik_seragam false, laporan pecahan kurang, kunci ganda, kendali data atau kendali detektor tidak sah, atau salah satu selisih bukan nol membatalkan seluruh angka (aturan 24)",
  "catatan_tafsir": "urutan bulan BUKAN sebab (aturan 10); yang diukur hanya urutan kejadian, dan penyebutnya delapan simbol — kecil, dan disebut kecil (aturan 20, 74)",
  "definisi": {
    "bangkit": "ada bulan HIDUP lebih besar daripada bulan MATI pertama",
    "lubang_funding": "bulan punya klines tetapi tidak punya fundingRate",
    "mati_dulu": "bulan_mati_pertama < bulan_berlubang_pertama",
    "tersisip": "bulan MATI di antara bulan HIDUP pertama dan terakhir"
  },
  "praregistrasi_r304": {
    "butir_3": "MUDAH",
    "jurnal": "journal/2026-07-30-124.md",
    "pita_butir_1": [
      5,
      8
    ],
    "pita_butir_2": [
      3,
      8
    ]
  },
  "ringkasan": {
    "cacah_kunci_ganda": 0,
    "cacah_laporan_dibaca": 8,
    "cacah_lubang_dalam_penyebut": 877,
    "cacah_lubang_dulu": 2,
    "cacah_lubang_funding": 880,
    "cacah_lubang_ganda": 0,
    "cacah_mati": 1401,
    "cacah_mati_dulu": 1,
    "cacah_serentak": 0,
    "cacah_simbol": 787,
    "cacah_simbol_bangkit": 8,
    "cacah_simbol_bulan_tersisip": 88,
    "cacah_simbol_hidup_berlubang": 2,
    "cacah_simbol_tersisip_tak_sepakat": 0,
    "cacah_tanpa_lubang": 5,
    "kendali": [
      {
        "bulan": "2021-05",
        "byte_parquet": 2770666,
        "funding_ada": true,
        "simbol": "BTCUSDT",
        "status": "HIDUP"
      },
      {
        "bulan": "2021-08",
        "byte_parquet": 2730341,
        "funding_ada": true,
        "simbol": "BTCUSDT",
        "status": "HIDUP"
      },
      {
        "bulan": "2021-01",
        "byte_parquet": 2722266,
        "funding_ada": true,
        "simbol": "BTCUSDT",
        "status": "HIDUP"
      }
    ],
    "kendali_deteksi_sah": true,
    "kendali_sah": true,
    "laporan_hilang": [],
    "penyebut_kehidupan": 19586,
    "sebaran_selisih_bulan": {
      "0": 0,
      "1-3": 0,
      "13+": 0,
      "4-12": 1,
      "<0": 2,
      "null": 5
    },
    "selisih_bangkit": 0,
    "selisih_lubang_dalam_penyebut": 0,
    "selisih_mati": 0,
    "selisih_penyebut": 0,
    "selisih_simbol": 0,
    "selisih_tersisip": 0,
    "sidik_kode_laporan": [
      "24b6bb265525e81c2e571b46e401f36903383f1e3738c487850861adc3e8c595"
    ],
    "sidik_seragam": true,
    "total_pecahan": 8
  },
  "sidik_data_funding": "2c9fbd1b04f74c9c844bc223a99a103d12220b88d08667b3792720e5b9608d24",
  "sidik_kode": "bafe4359e8f36f0402d4be4a4e4aef4a28f224f6419f06f701fb3a5bf696221a",
  "sidik_kode_silang_funding": "8a9b859c09cd64e30e203e6f8dc53411b8e341c44f112805b3041e5d4d3231b1",
  "sidik_kode_tersisip_semesta": "9618fd19e4ab2e7b5279177db600f6176afd914ab1e94576e54197f70ebc537c",
  "sumber": [
    "reports/funding_semesta.json",
    "reports/kehidupan_arsip_0.json",
    "reports/kehidupan_arsip_1.json",
    "reports/kehidupan_arsip_2.json",
    "reports/kehidupan_arsip_3.json",
    "reports/kehidupan_arsip_4.json",
    "reports/kehidupan_arsip_5.json",
    "reports/kehidupan_arsip_6.json",
    "reports/kehidupan_arsip_7.json"
  ],
  "uji_r304": {
    "butir_1_mati_dulu_dalam_pita": false,
    "butir_1_nilai": 1,
    "butir_1_pita": [
      5,
      8
    ],
    "butir_2_hidup_berlubang_dalam_pita": false,
    "butir_2_nilai": 2,
    "butir_2_pita": [
      3,
      8
    ],
    "butir_3_mudah_cocok": true,
    "catatan_butir_3": "MUDAH: hanya menyalin angka yang sudah terverifikasi"
  },
  "versi_sebab_bangkit": 1,
  "waktu_utc": "2026-07-30T05:48:53Z"
}

