{
  "berkas_sumber": "reports/silang_funding.json",
  "byte_sumber": 194728,
  "definisi": {
    "bentuk_lubang_lokal": "awal bila semua bulan klines simbol yang tidak lebih besar juga berlubang; ekor bila semua yang tidak lebih kecil juga berlubang; seluruh bila keduanya; tengah bila tidak satu pun. DEFINISI LOKAL atas penyebut 19.586, BUKAN bentuk_lubang terbitan funding.py atas 880 lubang (aturan 36)",
    "di_kohort_puncak": "simbol-bulan EKOR milik anggota kohort_puncak",
    "lubang_funding": "bulan punya klines tetapi tidak punya fundingRate",
    "status": "dibaca apa adanya dari laporan kehidupan_arsip"
  },
  "ringkasan": {
    "bagian_mati_luar_kohort_dengan_lubang_funding": 0.4085,
    "bentuk_terbitan_funding": {
      "awal": 48,
      "ekor": 826,
      "tengah": 6
    },
    "bulan_klines_funding": 19598,
    "cacah_baris_dengan_medan": 19586,
    "cacah_hidup_tanpa_funding": 33,
    "cacah_kohort_puncak": 456,
    "cacah_kunci_ganda": 0,
    "cacah_laporan_dibaca": 8,
    "cacah_lubang_funding": 880,
    "cacah_lubang_ganda": 0,
    "cacah_lubang_tak_dikenal": 3,
    "cacah_mati": 1401,
    "cacah_mati_di_kohort": 456,
    "cacah_mati_di_kohort_dengan_lubang_funding": 456,
    "cacah_mati_luar_kohort": 945,
    "cacah_mati_luar_kohort_dengan_lubang_funding": 386,
    "cacah_mati_luar_kohort_funding_ada": 559,
    "cacah_simbol_dikenal_pada_lubang_tak_dikenal": 3,
    "kendali": [
      {
        "bulan": "2021-05",
        "byte_parquet": 2770666,
        "funding_ada": true,
        "simbol": "BTCUSDT",
        "status": "HIDUP"
      },
      {
        "bulan": "2021-08",
        "byte_parquet": 2730341,
        "funding_ada": true,
        "simbol": "BTCUSDT",
        "status": "HIDUP"
      },
      {
        "bulan": "2021-01",
        "byte_parquet": 2722266,
        "funding_ada": true,
        "simbol": "BTCUSDT",
        "status": "HIDUP"
      }
    ],
    "kendali_sah": true,
    "laporan_hilang": [],
    "medan_baris_terlihat": [
      "ada_di_arsip",
      "bagian_volume_nol",
      "bulan",
      "byte_parquet",
      "cacah_baris_cacat",
      "cacah_lilin",
      "cacah_lilin_terbaca",
      "cacah_volume_nol",
      "galat",
      "gerbang_lolos",
      "jalur",
      "simbol",
      "status",
      "transaksi_total"
    ],
    "medan_diminta": "cacah_lilin",
    "penyebut_kehidupan": 19586,
    "sebaran_bentuk_hidup_tanpa_funding": {
      "awal": 33,
      "ekor": 0,
      "seluruh": 0,
      "tengah": 0
    },
    "sebaran_bentuk_semua_lubang": {
      "awal": 45,
      "ekor": 826,
      "seluruh": 0,
      "tengah": 6
    },
    "selisih_hidup_tanpa_funding": 0,
    "selisih_kohort": 0,
    "selisih_lubang_tak_dikenal": 0,
    "selisih_mati": 0,
    "selisih_penyebut": 0,
    "sidik_kode_laporan": [
      "24b6bb265525e81c2e571b46e401f36903383f1e3738c487850861adc3e8c595"
    ],
    "sidik_seragam": true,
    "tabel_silang": {
      "HIDUP": {
        "funding_ada": 18054,
        "funding_hilang": 33
      },
      "MATI": {
        "funding_ada": 559,
        "funding_hilang": 842
      },
      "SEPI": {
        "funding_ada": 96,
        "funding_hilang": 2
      },
      "TAK_TERUKUR": {
        "funding_ada": 0,
        "funding_hilang": 0
      }
    },
    "total_pecahan": 8
  },
  "sidik_data_funding": "2c9fbd1b04f74c9c844bc223a99a103d12220b88d08667b3792720e5b9608d24",
  "sidik_kode": "8a9b859c09cd64e30e203e6f8dc53411b8e341c44f112805b3041e5d4d3231b1",
  "sidik_sumber": "add5acfbc31fabad1c7e7bed2b454a587c09d5f8b4273917e1b058237691f17f",
  "versi_silang_funding": 2
}
