{
  "nama": "survei_semesta",
  "waktu_utc": "2026-07-28T04:17:28Z",
  "sidik_kode": "43ad7c0423e78bc634757d4988a34ed02fa12ebaf19b1b5fd14259f135c36404",
  "sumber_arsip": "https://s3-ap-northeast-1.amazonaws.com/data.binance.vision",
  "cacah_simbol_indeks": 937,
  "cacah_simbol_dengan_1m": 937,
  "gagal_listing": [],
  "bulan_tutup_terakhir_semesta": "2026-06",
  "jeda_mati_bulan": 2,
  "cacah_simbol_terhenti": 128,
  "cacah_simbol_masih_terbit": 809,
  "batas_r8": "2026-01",
  "cacah_bulan_terakhir_lebih_tua_dari_batas_r8": 121,
  "bulan_pertama_paling_awal": "2020-01",
  "bar_terakhir_simbol_mati": [
    {
      "simbol": "SRMUSDT",
      "bulan": "2024-05",
      "baris": 39311,
      "baris_dibuang": 0,
      "stempel_bar_pertama": 1714521600000,
      "stempel_bar_terakhir": 1716880200000,
      "panjang_digit_stempel": 13,
      "satuan_stempel": "milidetik",
      "bar_pertama_utc": "2024-05-01T00:00:00Z",
      "bar_terakhir_utc": "2024-05-28T07:10:00Z"
    },
    {
      "simbol": "COCOSUSDT",
      "bulan": "2024-05",
      "baris": 39317,
      "baris_dibuang": 0,
      "stempel_bar_pertama": 1714521600000,
      "stempel_bar_terakhir": 1716880560000,
      "panjang_digit_stempel": 13,
      "satuan_stempel": "milidetik",
      "bar_pertama_utc": "2024-05-01T00:00:00Z",
      "bar_terakhir_utc": "2024-05-28T07:16:00Z"
    },
    {
      "simbol": "BTSUSDT",
      "bulan": "2024-05",
      "baris": 39310,
      "baris_dibuang": 0,
      "stempel_bar_pertama": 1714521600000,
      "stempel_bar_terakhir": 1716880140000,
      "panjang_digit_stempel": 13,
      "satuan_stempel": "milidetik",
      "bar_pertama_utc": "2024-05-01T00:00:00Z",
      "bar_terakhir_utc": "2024-05-28T07:09:00Z"
    }
  ],
  "catatan": "cacah_simbol_terhenti mengukur jarak bulan terakhir simbol terhadap bulan tutup semesta, BUKAN kehadiran di indeks arsip"
}
{
  "bulan_diperiksa": 48,
  "bulan_tanpa_header_terakhir": "2021-12",
  "bulan_berheader_pertama": "2022-01",
  "monoton": true,
  "simbol": "BTCUSDT",
  "panjang_digit_stempel_per_bulan": {
    "2020-01": 13,
    "2020-02": 13,
    "2020-03": 13,
    "2020-04": 13,
    "2020-05": 13,
    "2020-06": 13,
    "2020-07": 13,
    "2020-08": 13,
    "2020-09": 13,
    "2020-10": 13,
    "2020-11": 13,
    "2020-12": 13,
    "2021-01": 13,
    "2021-02": 13,
    "2021-03": 13,
    "2021-04": 13,
    "2021-05": 13,
    "2021-06": 13,
    "2021-07": 13,
    "2021-08": 13,
    "2021-09": 13,
    "2021-10": 13,
    "2021-11": 13,
    "2021-12": 13,
    "2022-01": 13,
    "2022-02": 13,
    "2022-03": 13,
    "2022-04": 13,
    "2022-05": 13,
    "2022-06": 13,
    "2022-07": 13,
    "2022-08": 13,
    "2022-09": 13,
    "2022-10": 13,
    "2022-11": 13,
    "2022-12": 13,
    "2023-01": 13,
    "2023-02": 13,
    "2023-03": 13,
    "2023-04": 13,
    "2023-05": 13,
    "2023-06": 13,
    "2023-07": 13,
    "2023-08": 13,
    "2023-09": 13,
    "2023-10": 13,
    "2023-11": 13,
    "2023-12": 13
  }
}
{
  "bulan_diperiksa": 48,
  "bulan_tanpa_header_terakhir": "2021-12",
  "bulan_berheader_pertama": "2022-01",
  "monoton": true,
  "simbol": "ETHUSDT",
  "panjang_digit_stempel_per_bulan": {
    "2020-01": 13,
    "2020-02": 13,
    "2020-03": 13,
    "2020-04": 13,
    "2020-05": 13,
    "2020-06": 13,
    "2020-07": 13,
    "2020-08": 13,
    "2020-09": 13,
    "2020-10": 13,
    "2020-11": 13,
    "2020-12": 13,
    "2021-01": 13,
    "2021-02": 13,
    "2021-03": 13,
    "2021-04": 13,
    "2021-05": 13,
    "2021-06": 13,
    "2021-07": 13,
    "2021-08": 13,
    "2021-09": 13,
    "2021-10": 13,
    "2021-11": 13,
    "2021-12": 13,
    "2022-01": 13,
    "2022-02": 13,
    "2022-03": 13,
    "2022-04": 13,
    "2022-05": 13,
    "2022-06": 13,
    "2022-07": 13,
    "2022-08": 13,
    "2022-09": 13,
    "2022-10": 13,
    "2022-11": 13,
    "2022-12": 13,
    "2023-01": 13,
    "2023-02": 13,
    "2023-03": 13,
    "2023-04": 13,
    "2023-05": 13,
    "2023-06": 13,
    "2023-07": 13,
    "2023-08": 13,
    "2023-09": 13,
    "2023-10": 13,
    "2023-11": 13,
    "2023-12": 13
  }
}
{
  "bulan_diperiksa": 48,
  "bulan_tanpa_header_terakhir": "2021-12",
  "bulan_berheader_pertama": "2022-01",
  "monoton": true,
  "simbol": "LINKUSDT",
  "panjang_digit_stempel_per_bulan": {
    "2020-01": 13,
    "2020-02": 13,
    "2020-03": 13,
    "2020-04": 13,
    "2020-05": 13,
    "2020-06": 13,
    "2020-07": 13,
    "2020-08": 13,
    "2020-09": 13,
    "2020-10": 13,
    "2020-11": 13,
    "2020-12": 13,
    "2021-01": 13,
    "2021-02": 13,
    "2021-03": 13,
    "2021-04": 13,
    "2021-05": 13,
    "2021-06": 13,
    "2021-07": 13,
    "2021-08": 13,
    "2021-09": 13,
    "2021-10": 13,
    "2021-11": 13,
    "2021-12": 13,
    "2022-01": 13,
    "2022-02": 13,
    "2022-03": 13,
    "2022-04": 13,
    "2022-05": 13,
    "2022-06": 13,
    "2022-07": 13,
    "2022-08": 13,
    "2022-09": 13,
    "2022-10": 13,
    "2022-11": 13,
    "2022-12": 13,
    "2023-01": 13,
    "2023-02": 13,
    "2023-03": 13,
    "2023-04": 13,
    "2023-05": 13,
    "2023-06": 13,
    "2023-07": 13,
    "2023-08": 13,
    "2023-09": 13,
    "2023-10": 13,
    "2023-11": 13,
    "2023-12": 13
  }
}
