{
  "berkas": [
    {
      "ada": true,
      "berakhir_newline": true,
      "berkas": "lux_ai/serapan/funding.py",
      "byte": 28121,
      "cacah_baris": 705,
      "cacah_baris_kode": 614,
      "cacah_baris_komentar": 7,
      "cacah_baris_kosong": 84,
      "cacah_newline": 705,
      "melebihi_pagar": false,
      "sha256": "a87de3eb275d7af5e7d3a70a265ff3913379626cd07ae5cacc505dba17c11b3c"
    },
    {
      "ada": true,
      "berakhir_newline": true,
      "berkas": "lux_ai/serapan/funding_cdn.py",
      "byte": 6335,
      "cacah_baris": 162,
      "cacah_baris_kode": 135,
      "cacah_baris_komentar": 6,
      "cacah_baris_kosong": 21,
      "cacah_newline": 162,
      "melebihi_pagar": false,
      "sha256": "d63c870f351e396c6db42f1fece17ed8453ebeb09a12c72bce91511189003465"
    },
    {
      "ada": true,
      "berakhir_newline": true,
      "berkas": "lux_ai/serapan/arsip.py",
      "byte": 5231,
      "cacah_baris": 154,
      "cacah_baris_kode": 120,
      "cacah_baris_komentar": 0,
      "cacah_baris_kosong": 34,
      "cacah_newline": 154,
      "melebihi_pagar": false,
      "sha256": "8d777765098fa729f4d6e94481e1d08495c501ede1a1e2b5bf4c6a737f181df6"
    },
    {
      "ada": true,
      "berakhir_newline": true,
      "berkas": "lux_ai/serapan/gerbang_1m.py",
      "byte": 6775,
      "cacah_baris": 184,
      "cacah_baris_kode": 155,
      "cacah_baris_komentar": 3,
      "cacah_baris_kosong": 26,
      "cacah_newline": 184,
      "melebihi_pagar": false,
      "sha256": "045739b0561ebd117e2b25a1bb04a9ea90cd383638abebabcd7438d50004aab2"
    },
    {
      "ada": true,
      "berakhir_newline": true,
      "berkas": "lux_ai/serapan/kehidupan.py",
      "byte": 16638,
      "cacah_baris": 417,
      "cacah_baris_kode": 367,
      "cacah_baris_komentar": 3,
      "cacah_baris_kosong": 47,
      "cacah_newline": 417,
      "melebihi_pagar": false,
      "sha256": "338b5b5a9f79f162c06306fdee9c654a7d54b3dcd1b8148ea53ebcb87bf448e6"
    },
    {
      "ada": true,
      "berakhir_newline": true,
      "berkas": "lux_ai/serapan/kehidupan_arsip.py",
      "byte": 19281,
      "cacah_baris": 496,
      "cacah_baris_kode": 431,
      "cacah_baris_komentar": 3,
      "cacah_baris_kosong": 62,
      "cacah_newline": 496,
      "melebihi_pagar": false,
      "sha256": "6c0cfe780792cc4138150b6f83245f2acb317e3cb8a348d77632723401017944"
    },
    {
      "ada": true,
      "berakhir_newline": true,
      "berkas": "lux_ai/serapan/kohort_ekor.py",
      "byte": 22590,
      "cacah_baris": 553,
      "cacah_baris_kode": 479,
      "cacah_baris_komentar": 12,
      "cacah_baris_kosong": 62,
      "cacah_newline": 553,
      "melebihi_pagar": false,
      "sha256": "073e2b2f14e43b83bb7b84654701f553637b034dff761d07e2dae1ceb4c20d6d"
    },
    {
      "ada": true,
      "berakhir_newline": true,
      "berkas": "lux_ai/serapan/kohort_ringkas.py",
      "byte": 2882,
      "cacah_baris": 82,
      "cacah_baris_kode": 64,
      "cacah_baris_komentar": 1,
      "cacah_baris_kosong": 17,
      "cacah_newline": 82,
      "melebihi_pagar": false,
      "sha256": "d0c4a45efa99f43e5d37830ff139e5916b60dd44fb359beeff31a3ff8602c4de"
    },
    {
      "ada": true,
      "berakhir_newline": true,
      "berkas": "lux_ai/serapan/pulihkan.py",
      "byte": 14839,
      "cacah_baris": 383,
      "cacah_baris_kode": 314,
      "cacah_baris_komentar": 5,
      "cacah_baris_kosong": 64,
      "cacah_newline": 383,
      "melebihi_pagar": false,
      "sha256": "7637049c800a8bbe5b5a54e46a3dc9d6b597bb7f90ea987ef532513901087d5d"
    },
    {
      "ada": true,
      "berakhir_newline": true,
      "berkas": "lux_ai/serapan/resample.py",
      "byte": 4356,
      "cacah_baris": 127,
      "cacah_baris_kode": 110,
      "cacah_baris_komentar": 0,
      "cacah_baris_kosong": 17,
      "cacah_newline": 127,
      "melebihi_pagar": false,
      "sha256": "4d62a124ab40739b78318b8a51df9f8aab9946a5b30b69bfea10a77f6cec6168"
    },
    {
      "ada": true,
      "berakhir_newline": true,
      "berkas": "lux_ai/serapan/silang_funding.py",
      "byte": 15908,
      "cacah_baris": 396,
      "cacah_baris_kode": 329,
      "cacah_baris_komentar": 7,
      "cacah_baris_kosong": 60,
      "cacah_newline": 396,
      "melebihi_pagar": false,
      "sha256": "f27a4cffa1cc7b1ed2045517b9446a6bf96672ef600d04e1d58497f779b9351d"
    },
    {
      "ada": true,
      "berakhir_newline": true,
      "berkas": "lux_ai/serapan/ukur_baris.py",
      "byte": 10212,
      "cacah_baris": 226,
      "cacah_baris_kode": 191,
      "cacah_baris_komentar": 2,
      "cacah_baris_kosong": 33,
      "cacah_newline": 226,
      "melebihi_pagar": false,
      "sha256": "6d210fd93af8c0722a03228966210af0abfde5e69866d2e3d54b0d9de6cc37dc"
    }
  ],
  "catatan_penggugur": "cacah_berkas_hilang != 0 berarti daftar yang diukur tidak lengkap dan seluruh cacah di laporan ini batal dipakai menutup ramalan (aturan 24)",
  "catatan_satuan": "cacah_baris bersatuan BARIS; byte bersatuan BYTE (aturan 47)",
  "catatan_versi": "V2 hanya menambah kehidupan.py dan ukur_baris.py ke daftar; V3 menambah kehidupan_arsip.py dan silang_funding.py. Mekanika, definisi, dan pagar tidak berubah sejak V1 (aturan 29). Angka 318 baris pulihkan.py yang tercatat di STATE adalah angka V1 dan digantikan oleh laporan ini",
  "definisi_cacah_baris": "len(teks.splitlines()), definisi yang sama dengan pagar 800 baris di tests/test_kontinuitas.py; inilah definisi yang mengadjudikasi R-175 dan R-179",
  "pagar_baris": 800,
  "ringkasan": {
    "cacah_baris_terbesar": 705,
    "cacah_baris_total": 3885,
    "cacah_berkas_ada": 12,
    "cacah_berkas_diminta": 12,
    "cacah_berkas_hilang": 0,
    "cacah_berkas_melebihi_pagar": 0
  },
  "versi_ukur_baris": 3
}
